2025-11-17 19:00:12 | ERROR    | No active BankNifty futures contracts found
2025-11-17 19:00:12 | ERROR    | No futures contract found - check if market is open or contracts are available
2025-11-17 19:00:28 | ERROR    | No active BankNifty futures contracts found. Current time: 2025-11-17 19:00:28.739981, Total BANKNIFTY instruments: 954
2025-11-17 19:00:28 | ERROR    | No futures contract found - check if market is open or contracts are available
2025-11-17 19:11:46 | ERROR    | Error fetching 5min: 'Progress' object has no attribute 'get_task'
Traceback (most recent call last):
  File "/Users/rohan/Downloads/Vridhi_Capital_Trading_System/scripts/fetch_zerodha_historical_data.py", line 536, in main
    df = fetch_historical_candles(
  File "/Users/rohan/Downloads/Vridhi_Capital_Trading_System/scripts/fetch_zerodha_historical_data.py", line 237, in fetch_historical_candles
    progress_callback(
  File "/Users/rohan/Downloads/Vridhi_Capital_Trading_System/scripts/fetch_zerodha_historical_data.py", line 525, in update_progress
    task = progress.get_task(tf_task)
AttributeError: 'Progress' object has no attribute 'get_task'
2025-11-17 19:11:46 | ERROR    | Error fetching 15min: 'Progress' object has no attribute 'get_task'
Traceback (most recent call last):
  File "/Users/rohan/Downloads/Vridhi_Capital_Trading_System/scripts/fetch_zerodha_historical_data.py", line 536, in main
    df = fetch_historical_candles(
  File "/Users/rohan/Downloads/Vridhi_Capital_Trading_System/scripts/fetch_zerodha_historical_data.py", line 237, in fetch_historical_candles
    progress_callback(
  File "/Users/rohan/Downloads/Vridhi_Capital_Trading_System/scripts/fetch_zerodha_historical_data.py", line 525, in update_progress
    task = progress.get_task(tf_task)
AttributeError: 'Progress' object has no attribute 'get_task'
2025-11-17 19:11:47 | ERROR    | Error fetching 1hour: 'Progress' object has no attribute 'get_task'
Traceback (most recent call last):
  File "/Users/rohan/Downloads/Vridhi_Capital_Trading_System/scripts/fetch_zerodha_historical_data.py", line 536, in main
    df = fetch_historical_candles(
  File "/Users/rohan/Downloads/Vridhi_Capital_Trading_System/scripts/fetch_zerodha_historical_data.py", line 237, in fetch_historical_candles
    progress_callback(
  File "/Users/rohan/Downloads/Vridhi_Capital_Trading_System/scripts/fetch_zerodha_historical_data.py", line 525, in update_progress
    task = progress.get_task(tf_task)
AttributeError: 'Progress' object has no attribute 'get_task'
