2025-11-19 02:19:38 | ERROR    | Error getting expiry from option chain: 'MockDateTime' object has no attribute 'strptime'
Traceback (most recent call last):
  File "/Users/rohan/Downloads/Vridhi_Capital_Trading_System/src/trading_system/data/zerodha_futures_utils.py", line 154, in get_monthly_expiry_from_option_chain
    exp_date = datetime.strptime(expiry, '%Y-%m-%d').date()
AttributeError: 'MockDateTime' object has no attribute 'strptime'
2025-11-19 02:19:38 | DEBUG    | Total BANKNIFTY instruments found: 14
2025-11-19 02:19:38 | ERROR    | Error getting futures symbol and token: 'MockDateTime' object has no attribute 'strptime'
Traceback (most recent call last):
  File "/Users/rohan/Downloads/Vridhi_Capital_Trading_System/src/trading_system/data/zerodha_futures_utils.py", line 345, in get_current_month_futures_symbol_and_token
    exp_date = datetime.strptime(expiry, '%Y-%m-%d').date()
AttributeError: 'MockDateTime' object has no attribute 'strptime'
2025-11-19 02:19:38 | ERROR    | Error getting expiry from option chain: 'MockDateTime' object has no attribute 'strptime'
Traceback (most recent call last):
  File "/Users/rohan/Downloads/Vridhi_Capital_Trading_System/src/trading_system/data/zerodha_futures_utils.py", line 154, in get_monthly_expiry_from_option_chain
    exp_date = datetime.strptime(expiry, '%Y-%m-%d').date()
AttributeError: 'MockDateTime' object has no attribute 'strptime'
2025-11-19 02:19:38 | DEBUG    | Total BANKNIFTY instruments found: 14
2025-11-19 02:19:38 | ERROR    | Error getting futures symbol and token: 'MockDateTime' object has no attribute 'strptime'
Traceback (most recent call last):
  File "/Users/rohan/Downloads/Vridhi_Capital_Trading_System/src/trading_system/data/zerodha_futures_utils.py", line 345, in get_current_month_futures_symbol_and_token
    exp_date = datetime.strptime(expiry, '%Y-%m-%d').date()
AttributeError: 'MockDateTime' object has no attribute 'strptime'
2025-11-19 02:19:38 | ERROR    | Error getting futures symbol: 'MockDateTime' object has no attribute 'strptime'
Traceback (most recent call last):
  File "/Users/rohan/Downloads/Vridhi_Capital_Trading_System/src/trading_system/data/zerodha_futures_utils.py", line 47, in get_current_month_futures_symbol
    exp_date = datetime.strptime(expiry, '%Y-%m-%d')
AttributeError: 'MockDateTime' object has no attribute 'strptime'
2025-11-19 02:19:38 | ERROR    | Error getting futures token: 'MockDateTime' object has no attribute 'strptime'
Traceback (most recent call last):
  File "/Users/rohan/Downloads/Vridhi_Capital_Trading_System/src/trading_system/data/zerodha_futures_utils.py", line 99, in get_current_month_futures_token
    exp_date = datetime.strptime(expiry, '%Y-%m-%d')
AttributeError: 'MockDateTime' object has no attribute 'strptime'
2025-11-19 02:19:38 | DEBUG    | Total BANKNIFTY instruments found: 14
2025-11-19 02:19:38 | ERROR    | Error getting futures symbol and token: 'MockDateTime' object has no attribute 'strptime'
Traceback (most recent call last):
  File "/Users/rohan/Downloads/Vridhi_Capital_Trading_System/src/trading_system/data/zerodha_futures_utils.py", line 345, in get_current_month_futures_symbol_and_token
    exp_date = datetime.strptime(expiry, '%Y-%m-%d').date()
AttributeError: 'MockDateTime' object has no attribute 'strptime'
2025-11-19 02:19:38 | DEBUG    | Total BANKNIFTY instruments found: 1
2025-11-19 02:19:38 | ERROR    | No active BankNifty futures contracts found. Current date: 2025-11-19, Total BANKNIFTY instruments: 1, FUT contracts found: 1
2025-11-19 02:19:38 | DEBUG    | Sample FUT contract: BANKNIFTY25NOVFUT, expiry: 2024-11-25, type: <class 'str'>
2025-11-19 02:20:43 | DEBUG    | Total BANKNIFTY instruments found: 14
2025-11-19 02:20:43 | ERROR    | No active BankNifty futures contracts found. Current date: 2025-11-19, Total BANKNIFTY instruments: 14, FUT contracts found: 2
2025-11-19 02:20:43 | DEBUG    | Sample FUT contract: BANKNIFTY25NOVFUT, expiry: 2024-11-25, type: <class 'str'>
2025-11-19 02:20:43 | DEBUG    | Total BANKNIFTY instruments found: 14
2025-11-19 02:20:43 | ERROR    | No active BankNifty futures contracts found. Current date: 2025-11-19, Total BANKNIFTY instruments: 14, FUT contracts found: 2
2025-11-19 02:20:43 | DEBUG    | Sample FUT contract: BANKNIFTY25NOVFUT, expiry: 2024-11-25, type: <class 'str'>
2025-11-19 02:20:43 | DEBUG    | Total BANKNIFTY instruments found: 14
2025-11-19 02:20:43 | ERROR    | No active BankNifty futures contracts found. Current date: 2025-11-19, Total BANKNIFTY instruments: 14, FUT contracts found: 2
2025-11-19 02:20:43 | DEBUG    | Sample FUT contract: BANKNIFTY25NOVFUT, expiry: 2024-11-25, type: <class 'str'>
2025-11-19 02:20:43 | DEBUG    | Total BANKNIFTY instruments found: 1
2025-11-19 02:20:43 | ERROR    | No active BankNifty futures contracts found. Current date: 2025-11-19, Total BANKNIFTY instruments: 1, FUT contracts found: 1
2025-11-19 02:20:43 | DEBUG    | Sample FUT contract: BANKNIFTY25NOVFUT, expiry: 2024-11-25, type: <class 'str'>
2025-11-19 02:22:52 | INFO     | Monthly expiry from option chain: 2025-12-26 (UPCOMING) | expiry_date=2025-12-26 | days_difference=37 | today=2025-11-19
2025-11-19 02:22:52 | INFO     | Monthly expiry from option chain: 2025-12-26 (UPCOMING) | expiry_date=2025-12-26 | days_difference=37 | today=2025-11-19
2025-11-19 02:22:52 | INFO     | Current contract (expiry: 2025-12-26) | symbol=BANKNIFTY25NOVFUT | days_until_expiry=37 | today=2025-11-19
2025-11-19 02:22:52 | INFO     | Monthly expiry from option chain: 2025-11-09 (PASSED) | expiry_date=2025-11-09 | days_difference=-10 | today=2025-11-19
2025-11-19 02:22:52 | INFO     | Rollover: Expiry passed (2025-11-09), switching to next contract | new_symbol=BANKNIFTY25DECFUT | new_expiry=2025-12-25 | today=2025-11-19
2025-11-19 02:22:52 | DEBUG    | Total BANKNIFTY instruments found: 14
2025-11-19 02:22:52 | DEBUG    | Found active contract: BANKNIFTY25NOVFUT, expiry: 2025-11-25
2025-11-19 02:22:52 | DEBUG    | Found active contract: BANKNIFTY25DECFUT, expiry: 2025-12-25
2025-11-19 02:22:52 | INFO     | Found nearest futures contract | symbol=BANKNIFTY25NOVFUT | expiry=2025-11-25 | token=50001
2025-11-19 02:22:52 | DEBUG    | Total BANKNIFTY instruments found: 1
2025-11-19 02:22:52 | ERROR    | No active BankNifty futures contracts found. Current date: 2025-11-19, Total BANKNIFTY instruments: 1, FUT contracts found: 1
2025-11-19 02:22:52 | DEBUG    | Sample FUT contract: BANKNIFTY25NOVFUT, expiry: 2024-11-25, type: <class 'str'>
2025-11-19 04:14:21 | ERROR    | Error getting futures symbol and token: 'MockKiteForOrders' object has no attribute 'instruments'
Traceback (most recent call last):
  File "/Users/rohan/Downloads/Vridhi_Capital_Trading_System/src/trading_system/data/zerodha_futures_utils.py", line 318, in get_current_month_futures_symbol_and_token
    instruments = kite.instruments("NFO")
AttributeError: 'MockKiteForOrders' object has no attribute 'instruments'
2025-11-19 04:14:21 | ERROR    | Error getting futures symbol and token: 'MockKiteForOrders' object has no attribute 'instruments'
Traceback (most recent call last):
  File "/Users/rohan/Downloads/Vridhi_Capital_Trading_System/src/trading_system/data/zerodha_futures_utils.py", line 318, in get_current_month_futures_symbol_and_token
    instruments = kite.instruments("NFO")
AttributeError: 'MockKiteForOrders' object has no attribute 'instruments'
2025-11-19 04:14:27 | ERROR    | Error getting futures symbol and token: 'MockKiteForOrders' object has no attribute 'instruments'
Traceback (most recent call last):
  File "/Users/rohan/Downloads/Vridhi_Capital_Trading_System/src/trading_system/data/zerodha_futures_utils.py", line 318, in get_current_month_futures_symbol_and_token
    instruments = kite.instruments("NFO")
AttributeError: 'MockKiteForOrders' object has no attribute 'instruments'
2025-11-19 04:14:33 | ERROR    | Error getting futures symbol and token: 'MockKiteForOrders' object has no attribute 'instruments'
Traceback (most recent call last):
  File "/Users/rohan/Downloads/Vridhi_Capital_Trading_System/src/trading_system/data/zerodha_futures_utils.py", line 318, in get_current_month_futures_symbol_and_token
    instruments = kite.instruments("NFO")
AttributeError: 'MockKiteForOrders' object has no attribute 'instruments'
2025-11-19 04:14:39 | ERROR    | Error getting futures symbol and token: 'MockKiteForOrders' object has no attribute 'instruments'
Traceback (most recent call last):
  File "/Users/rohan/Downloads/Vridhi_Capital_Trading_System/src/trading_system/data/zerodha_futures_utils.py", line 318, in get_current_month_futures_symbol_and_token
    instruments = kite.instruments("NFO")
AttributeError: 'MockKiteForOrders' object has no attribute 'instruments'
2025-11-19 04:14:45 | ERROR    | Error getting futures symbol and token: 'MockKiteForOrders' object has no attribute 'instruments'
Traceback (most recent call last):
  File "/Users/rohan/Downloads/Vridhi_Capital_Trading_System/src/trading_system/data/zerodha_futures_utils.py", line 318, in get_current_month_futures_symbol_and_token
    instruments = kite.instruments("NFO")
AttributeError: 'MockKiteForOrders' object has no attribute 'instruments'
2025-11-19 04:14:51 | ERROR    | Error getting futures symbol and token: 'MockKiteForOrders' object has no attribute 'instruments'
Traceback (most recent call last):
  File "/Users/rohan/Downloads/Vridhi_Capital_Trading_System/src/trading_system/data/zerodha_futures_utils.py", line 318, in get_current_month_futures_symbol_and_token
    instruments = kite.instruments("NFO")
AttributeError: 'MockKiteForOrders' object has no attribute 'instruments'
2025-11-19 04:14:57 | ERROR    | Error getting futures symbol and token: 'MockKiteForOrders' object has no attribute 'instruments'
Traceback (most recent call last):
  File "/Users/rohan/Downloads/Vridhi_Capital_Trading_System/src/trading_system/data/zerodha_futures_utils.py", line 318, in get_current_month_futures_symbol_and_token
    instruments = kite.instruments("NFO")
AttributeError: 'MockKiteForOrders' object has no attribute 'instruments'
2025-11-19 04:15:03 | ERROR    | Error getting futures symbol and token: 'MockKiteForOrders' object has no attribute 'instruments'
Traceback (most recent call last):
  File "/Users/rohan/Downloads/Vridhi_Capital_Trading_System/src/trading_system/data/zerodha_futures_utils.py", line 318, in get_current_month_futures_symbol_and_token
    instruments = kite.instruments("NFO")
AttributeError: 'MockKiteForOrders' object has no attribute 'instruments'
2025-11-19 04:15:09 | ERROR    | Error getting futures symbol and token: 'MockKiteForOrders' object has no attribute 'instruments'
Traceback (most recent call last):
  File "/Users/rohan/Downloads/Vridhi_Capital_Trading_System/src/trading_system/data/zerodha_futures_utils.py", line 318, in get_current_month_futures_symbol_and_token
    instruments = kite.instruments("NFO")
AttributeError: 'MockKiteForOrders' object has no attribute 'instruments'
2025-11-19 04:15:09 | ERROR    | Error getting futures symbol and token: 'MockKiteForOrders' object has no attribute 'instruments'
Traceback (most recent call last):
  File "/Users/rohan/Downloads/Vridhi_Capital_Trading_System/src/trading_system/data/zerodha_futures_utils.py", line 318, in get_current_month_futures_symbol_and_token
    instruments = kite.instruments("NFO")
AttributeError: 'MockKiteForOrders' object has no attribute 'instruments'
2025-11-19 04:18:11 | DEBUG    | Total BANKNIFTY instruments found: 102
2025-11-19 04:18:11 | ERROR    | No active BankNifty futures contracts found. Current date: 2025-11-19, Total BANKNIFTY instruments: 102, FUT contracts found: 0
2025-11-19 04:18:11 | DEBUG    | Total BANKNIFTY instruments found: 102
2025-11-19 04:18:11 | ERROR    | No active BankNifty futures contracts found. Current date: 2025-11-19, Total BANKNIFTY instruments: 102, FUT contracts found: 0
2025-11-19 04:18:17 | DEBUG    | Total BANKNIFTY instruments found: 102
2025-11-19 04:18:17 | ERROR    | No active BankNifty futures contracts found. Current date: 2025-11-19, Total BANKNIFTY instruments: 102, FUT contracts found: 0
2025-11-19 04:18:23 | DEBUG    | Total BANKNIFTY instruments found: 102
2025-11-19 04:18:23 | ERROR    | No active BankNifty futures contracts found. Current date: 2025-11-19, Total BANKNIFTY instruments: 102, FUT contracts found: 0
2025-11-19 04:18:29 | DEBUG    | Total BANKNIFTY instruments found: 102
2025-11-19 04:18:29 | ERROR    | No active BankNifty futures contracts found. Current date: 2025-11-19, Total BANKNIFTY instruments: 102, FUT contracts found: 0
2025-11-19 04:18:35 | DEBUG    | Total BANKNIFTY instruments found: 102
2025-11-19 04:18:35 | ERROR    | No active BankNifty futures contracts found. Current date: 2025-11-19, Total BANKNIFTY instruments: 102, FUT contracts found: 0
2025-11-19 04:18:41 | DEBUG    | Total BANKNIFTY instruments found: 102
2025-11-19 04:18:41 | ERROR    | No active BankNifty futures contracts found. Current date: 2025-11-19, Total BANKNIFTY instruments: 102, FUT contracts found: 0
2025-11-19 04:18:47 | DEBUG    | Total BANKNIFTY instruments found: 102
2025-11-19 04:18:47 | ERROR    | No active BankNifty futures contracts found. Current date: 2025-11-19, Total BANKNIFTY instruments: 102, FUT contracts found: 0
2025-11-19 04:18:53 | DEBUG    | Total BANKNIFTY instruments found: 102
2025-11-19 04:18:53 | ERROR    | No active BankNifty futures contracts found. Current date: 2025-11-19, Total BANKNIFTY instruments: 102, FUT contracts found: 0
2025-11-19 04:18:59 | DEBUG    | Total BANKNIFTY instruments found: 102
2025-11-19 04:18:59 | ERROR    | No active BankNifty futures contracts found. Current date: 2025-11-19, Total BANKNIFTY instruments: 102, FUT contracts found: 0
2025-11-19 04:18:59 | DEBUG    | Total BANKNIFTY instruments found: 102
2025-11-19 04:18:59 | ERROR    | No active BankNifty futures contracts found. Current date: 2025-11-19, Total BANKNIFTY instruments: 102, FUT contracts found: 0
2025-11-19 04:21:33 | DEBUG    | Total BANKNIFTY instruments found: 102
2025-11-19 04:21:33 | ERROR    | No active BankNifty futures contracts found. Current date: 2025-11-19, Total BANKNIFTY instruments: 102, FUT contracts found: 0
2025-11-19 04:21:33 | DEBUG    | Total BANKNIFTY instruments found: 102
2025-11-19 04:21:33 | ERROR    | No active BankNifty futures contracts found. Current date: 2025-11-19, Total BANKNIFTY instruments: 102, FUT contracts found: 0
2025-11-19 04:21:39 | DEBUG    | Total BANKNIFTY instruments found: 102
2025-11-19 04:21:39 | ERROR    | No active BankNifty futures contracts found. Current date: 2025-11-19, Total BANKNIFTY instruments: 102, FUT contracts found: 0
2025-11-19 04:21:45 | DEBUG    | Total BANKNIFTY instruments found: 102
2025-11-19 04:21:45 | ERROR    | No active BankNifty futures contracts found. Current date: 2025-11-19, Total BANKNIFTY instruments: 102, FUT contracts found: 0
2025-11-19 04:21:51 | DEBUG    | Total BANKNIFTY instruments found: 102
2025-11-19 04:21:51 | ERROR    | No active BankNifty futures contracts found. Current date: 2025-11-19, Total BANKNIFTY instruments: 102, FUT contracts found: 0
2025-11-19 04:21:57 | DEBUG    | Total BANKNIFTY instruments found: 102
2025-11-19 04:21:57 | ERROR    | No active BankNifty futures contracts found. Current date: 2025-11-19, Total BANKNIFTY instruments: 102, FUT contracts found: 0
2025-11-19 04:22:03 | DEBUG    | Total BANKNIFTY instruments found: 102
2025-11-19 04:22:03 | ERROR    | No active BankNifty futures contracts found. Current date: 2025-11-19, Total BANKNIFTY instruments: 102, FUT contracts found: 0
2025-11-19 04:22:09 | DEBUG    | Total BANKNIFTY instruments found: 102
2025-11-19 04:22:09 | ERROR    | No active BankNifty futures contracts found. Current date: 2025-11-19, Total BANKNIFTY instruments: 102, FUT contracts found: 0
2025-11-19 04:24:41 | DEBUG    | Total BANKNIFTY instruments found: 102
2025-11-19 04:24:41 | ERROR    | No active BankNifty futures contracts found. Current date: 2025-11-19, Total BANKNIFTY instruments: 102, FUT contracts found: 0
2025-11-19 04:24:47 | DEBUG    | Total BANKNIFTY instruments found: 102
2025-11-19 04:24:47 | ERROR    | No active BankNifty futures contracts found. Current date: 2025-11-19, Total BANKNIFTY instruments: 102, FUT contracts found: 0
2025-11-19 04:24:53 | DEBUG    | Total BANKNIFTY instruments found: 102
2025-11-19 04:24:53 | ERROR    | No active BankNifty futures contracts found. Current date: 2025-11-19, Total BANKNIFTY instruments: 102, FUT contracts found: 0
2025-11-19 04:25:05 | DEBUG    | Total BANKNIFTY instruments found: 102
2025-11-19 04:25:05 | ERROR    | No active BankNifty futures contracts found. Current date: 2025-11-19, Total BANKNIFTY instruments: 102, FUT contracts found: 0
2025-11-19 04:25:11 | DEBUG    | Total BANKNIFTY instruments found: 102
2025-11-19 04:25:11 | ERROR    | No active BankNifty futures contracts found. Current date: 2025-11-19, Total BANKNIFTY instruments: 102, FUT contracts found: 0
2025-11-19 04:25:17 | DEBUG    | Total BANKNIFTY instruments found: 102
2025-11-19 04:25:17 | ERROR    | No active BankNifty futures contracts found. Current date: 2025-11-19, Total BANKNIFTY instruments: 102, FUT contracts found: 0
2025-11-19 04:25:23 | DEBUG    | Total BANKNIFTY instruments found: 102
2025-11-19 04:25:23 | ERROR    | No active BankNifty futures contracts found. Current date: 2025-11-19, Total BANKNIFTY instruments: 102, FUT contracts found: 0
2025-11-19 04:25:36 | DEBUG    | Total BANKNIFTY instruments found: 102
2025-11-19 04:25:36 | ERROR    | No active BankNifty futures contracts found. Current date: 2025-11-19, Total BANKNIFTY instruments: 102, FUT contracts found: 0
2025-11-19 04:25:36 | DEBUG    | Total BANKNIFTY instruments found: 102
2025-11-19 04:25:36 | ERROR    | No active BankNifty futures contracts found. Current date: 2025-11-19, Total BANKNIFTY instruments: 102, FUT contracts found: 0
2025-11-19 04:25:42 | DEBUG    | Total BANKNIFTY instruments found: 102
2025-11-19 04:25:42 | ERROR    | No active BankNifty futures contracts found. Current date: 2025-11-19, Total BANKNIFTY instruments: 102, FUT contracts found: 0
2025-11-19 04:25:42 | DEBUG    | Total BANKNIFTY instruments found: 102
2025-11-19 04:25:42 | ERROR    | No active BankNifty futures contracts found. Current date: 2025-11-19, Total BANKNIFTY instruments: 102, FUT contracts found: 0
2025-11-19 04:33:36 | DEBUG    | Total BANKNIFTY instruments found: 102
2025-11-19 04:33:36 | ERROR    | No active BankNifty futures contracts found. Current date: 2025-11-19, Total BANKNIFTY instruments: 102, FUT contracts found: 0
2025-11-19 04:33:36 | DEBUG    | Total BANKNIFTY instruments found: 102
2025-11-19 04:33:36 | ERROR    | No active BankNifty futures contracts found. Current date: 2025-11-19, Total BANKNIFTY instruments: 102, FUT contracts found: 0
2025-11-19 04:33:37 | DEBUG    | Total BANKNIFTY instruments found: 102
2025-11-19 04:33:37 | ERROR    | No active BankNifty futures contracts found. Current date: 2025-11-19, Total BANKNIFTY instruments: 102, FUT contracts found: 0
2025-11-19 04:33:39 | DEBUG    | Total BANKNIFTY instruments found: 102
2025-11-19 04:33:39 | ERROR    | No active BankNifty futures contracts found. Current date: 2025-11-19, Total BANKNIFTY instruments: 102, FUT contracts found: 0
2025-11-19 04:33:40 | DEBUG    | Total BANKNIFTY instruments found: 102
2025-11-19 04:33:40 | ERROR    | No active BankNifty futures contracts found. Current date: 2025-11-19, Total BANKNIFTY instruments: 102, FUT contracts found: 0
2025-11-19 04:33:41 | DEBUG    | Total BANKNIFTY instruments found: 102
2025-11-19 04:33:41 | ERROR    | No active BankNifty futures contracts found. Current date: 2025-11-19, Total BANKNIFTY instruments: 102, FUT contracts found: 0
2025-11-19 04:33:42 | DEBUG    | Total BANKNIFTY instruments found: 102
2025-11-19 04:33:42 | ERROR    | No active BankNifty futures contracts found. Current date: 2025-11-19, Total BANKNIFTY instruments: 102, FUT contracts found: 0
2025-11-19 04:33:42 | DEBUG    | Total BANKNIFTY instruments found: 102
2025-11-19 04:33:42 | ERROR    | No active BankNifty futures contracts found. Current date: 2025-11-19, Total BANKNIFTY instruments: 102, FUT contracts found: 0
2025-11-19 04:33:43 | DEBUG    | Total BANKNIFTY instruments found: 102
2025-11-19 04:33:43 | ERROR    | No active BankNifty futures contracts found. Current date: 2025-11-19, Total BANKNIFTY instruments: 102, FUT contracts found: 0
2025-11-19 04:33:44 | DEBUG    | Total BANKNIFTY instruments found: 102
2025-11-19 04:33:44 | ERROR    | No active BankNifty futures contracts found. Current date: 2025-11-19, Total BANKNIFTY instruments: 102, FUT contracts found: 0
2025-11-19 04:33:45 | DEBUG    | Total BANKNIFTY instruments found: 102
2025-11-19 04:33:45 | ERROR    | No active BankNifty futures contracts found. Current date: 2025-11-19, Total BANKNIFTY instruments: 102, FUT contracts found: 0
2025-11-19 04:34:58 | DEBUG    | Total BANKNIFTY instruments found: 102
2025-11-19 04:34:58 | ERROR    | No active BankNifty futures contracts found. Current date: 2025-11-19, Total BANKNIFTY instruments: 102, FUT contracts found: 0
2025-11-19 04:34:58 | DEBUG    | Total BANKNIFTY instruments found: 102
2025-11-19 04:34:58 | ERROR    | No active BankNifty futures contracts found. Current date: 2025-11-19, Total BANKNIFTY instruments: 102, FUT contracts found: 0
2025-11-19 04:34:59 | DEBUG    | Total BANKNIFTY instruments found: 102
2025-11-19 04:34:59 | ERROR    | No active BankNifty futures contracts found. Current date: 2025-11-19, Total BANKNIFTY instruments: 102, FUT contracts found: 0
2025-11-19 04:35:01 | DEBUG    | Total BANKNIFTY instruments found: 102
2025-11-19 04:35:01 | ERROR    | No active BankNifty futures contracts found. Current date: 2025-11-19, Total BANKNIFTY instruments: 102, FUT contracts found: 0
2025-11-19 04:35:02 | DEBUG    | Total BANKNIFTY instruments found: 102
2025-11-19 04:35:02 | ERROR    | No active BankNifty futures contracts found. Current date: 2025-11-19, Total BANKNIFTY instruments: 102, FUT contracts found: 0
2025-11-19 04:35:03 | DEBUG    | Total BANKNIFTY instruments found: 102
2025-11-19 04:35:03 | ERROR    | No active BankNifty futures contracts found. Current date: 2025-11-19, Total BANKNIFTY instruments: 102, FUT contracts found: 0
2025-11-19 04:35:04 | DEBUG    | Total BANKNIFTY instruments found: 102
2025-11-19 04:35:04 | ERROR    | No active BankNifty futures contracts found. Current date: 2025-11-19, Total BANKNIFTY instruments: 102, FUT contracts found: 0
2025-11-19 04:35:04 | DEBUG    | Total BANKNIFTY instruments found: 102
2025-11-19 04:35:04 | ERROR    | No active BankNifty futures contracts found. Current date: 2025-11-19, Total BANKNIFTY instruments: 102, FUT contracts found: 0
2025-11-19 04:35:05 | DEBUG    | Total BANKNIFTY instruments found: 102
2025-11-19 04:35:05 | ERROR    | No active BankNifty futures contracts found. Current date: 2025-11-19, Total BANKNIFTY instruments: 102, FUT contracts found: 0
2025-11-19 04:35:06 | DEBUG    | Total BANKNIFTY instruments found: 102
2025-11-19 04:35:06 | ERROR    | No active BankNifty futures contracts found. Current date: 2025-11-19, Total BANKNIFTY instruments: 102, FUT contracts found: 0
2025-11-19 04:35:07 | DEBUG    | Total BANKNIFTY instruments found: 102
2025-11-19 04:35:07 | ERROR    | No active BankNifty futures contracts found. Current date: 2025-11-19, Total BANKNIFTY instruments: 102, FUT contracts found: 0
2025-11-19 04:35:49 | DEBUG    | Total BANKNIFTY instruments found: 102
2025-11-19 04:35:49 | ERROR    | No active BankNifty futures contracts found. Current date: 2025-11-19, Total BANKNIFTY instruments: 102, FUT contracts found: 0
2025-11-19 04:35:49 | DEBUG    | Total BANKNIFTY instruments found: 102
2025-11-19 04:35:49 | ERROR    | No active BankNifty futures contracts found. Current date: 2025-11-19, Total BANKNIFTY instruments: 102, FUT contracts found: 0
2025-11-19 04:35:50 | DEBUG    | Total BANKNIFTY instruments found: 102
2025-11-19 04:35:50 | ERROR    | No active BankNifty futures contracts found. Current date: 2025-11-19, Total BANKNIFTY instruments: 102, FUT contracts found: 0
2025-11-19 04:35:52 | DEBUG    | Total BANKNIFTY instruments found: 102
2025-11-19 04:35:52 | ERROR    | No active BankNifty futures contracts found. Current date: 2025-11-19, Total BANKNIFTY instruments: 102, FUT contracts found: 0
2025-11-19 04:35:53 | DEBUG    | Total BANKNIFTY instruments found: 102
2025-11-19 04:35:53 | ERROR    | No active BankNifty futures contracts found. Current date: 2025-11-19, Total BANKNIFTY instruments: 102, FUT contracts found: 0
2025-11-19 04:35:55 | DEBUG    | Total BANKNIFTY instruments found: 102
2025-11-19 04:35:55 | ERROR    | No active BankNifty futures contracts found. Current date: 2025-11-19, Total BANKNIFTY instruments: 102, FUT contracts found: 0
2025-11-19 04:35:56 | DEBUG    | Total BANKNIFTY instruments found: 102
2025-11-19 04:35:56 | ERROR    | No active BankNifty futures contracts found. Current date: 2025-11-19, Total BANKNIFTY instruments: 102, FUT contracts found: 0
2025-11-19 04:35:56 | DEBUG    | Total BANKNIFTY instruments found: 102
2025-11-19 04:35:56 | ERROR    | No active BankNifty futures contracts found. Current date: 2025-11-19, Total BANKNIFTY instruments: 102, FUT contracts found: 0
2025-11-19 04:35:57 | DEBUG    | Total BANKNIFTY instruments found: 102
2025-11-19 04:35:57 | ERROR    | No active BankNifty futures contracts found. Current date: 2025-11-19, Total BANKNIFTY instruments: 102, FUT contracts found: 0
2025-11-19 04:35:58 | DEBUG    | Total BANKNIFTY instruments found: 102
2025-11-19 04:35:58 | ERROR    | No active BankNifty futures contracts found. Current date: 2025-11-19, Total BANKNIFTY instruments: 102, FUT contracts found: 0
2025-11-19 04:35:59 | DEBUG    | Total BANKNIFTY instruments found: 102
2025-11-19 04:35:59 | ERROR    | No active BankNifty futures contracts found. Current date: 2025-11-19, Total BANKNIFTY instruments: 102, FUT contracts found: 0
2025-11-19 04:39:24 | DEBUG    | Total BANKNIFTY instruments found: 102
2025-11-19 04:39:24 | ERROR    | No active BankNifty futures contracts found. Current date: 2025-11-19, Total BANKNIFTY instruments: 102, FUT contracts found: 0
2025-11-19 04:39:24 | DEBUG    | Total BANKNIFTY instruments found: 102
2025-11-19 04:39:24 | ERROR    | No active BankNifty futures contracts found. Current date: 2025-11-19, Total BANKNIFTY instruments: 102, FUT contracts found: 0
2025-11-19 04:39:24 | DEBUG    | Total BANKNIFTY instruments found: 102
2025-11-19 04:39:24 | ERROR    | No active BankNifty futures contracts found. Current date: 2025-11-19, Total BANKNIFTY instruments: 102, FUT contracts found: 0
2025-11-19 04:39:30 | DEBUG    | Total BANKNIFTY instruments found: 102
2025-11-19 04:39:30 | ERROR    | No active BankNifty futures contracts found. Current date: 2025-11-19, Total BANKNIFTY instruments: 102, FUT contracts found: 0
2025-11-19 04:39:36 | DEBUG    | Total BANKNIFTY instruments found: 102
2025-11-19 04:39:36 | ERROR    | No active BankNifty futures contracts found. Current date: 2025-11-19, Total BANKNIFTY instruments: 102, FUT contracts found: 0
2025-11-19 04:39:42 | DEBUG    | Total BANKNIFTY instruments found: 102
2025-11-19 04:39:42 | ERROR    | No active BankNifty futures contracts found. Current date: 2025-11-19, Total BANKNIFTY instruments: 102, FUT contracts found: 0
2025-11-19 04:39:48 | DEBUG    | Total BANKNIFTY instruments found: 102
2025-11-19 04:39:48 | ERROR    | No active BankNifty futures contracts found. Current date: 2025-11-19, Total BANKNIFTY instruments: 102, FUT contracts found: 0
2025-11-19 04:40:00 | DEBUG    | Total BANKNIFTY instruments found: 102
2025-11-19 04:40:00 | ERROR    | No active BankNifty futures contracts found. Current date: 2025-11-19, Total BANKNIFTY instruments: 102, FUT contracts found: 0
2025-11-19 04:40:06 | DEBUG    | Total BANKNIFTY instruments found: 102
2025-11-19 04:40:06 | ERROR    | No active BankNifty futures contracts found. Current date: 2025-11-19, Total BANKNIFTY instruments: 102, FUT contracts found: 0
2025-11-19 04:40:18 | DEBUG    | Total BANKNIFTY instruments found: 102
2025-11-19 04:40:18 | ERROR    | No active BankNifty futures contracts found. Current date: 2025-11-19, Total BANKNIFTY instruments: 102, FUT contracts found: 0
2025-11-19 04:41:31 | DEBUG    | Total BANKNIFTY instruments found: 102
2025-11-19 04:41:31 | ERROR    | No active BankNifty futures contracts found. Current date: 2025-11-19, Total BANKNIFTY instruments: 102, FUT contracts found: 0
2025-11-19 04:41:31 | DEBUG    | Total BANKNIFTY instruments found: 102
2025-11-19 04:41:31 | ERROR    | No active BankNifty futures contracts found. Current date: 2025-11-19, Total BANKNIFTY instruments: 102, FUT contracts found: 0
2025-11-19 04:41:31 | DEBUG    | Total BANKNIFTY instruments found: 102
2025-11-19 04:41:31 | ERROR    | No active BankNifty futures contracts found. Current date: 2025-11-19, Total BANKNIFTY instruments: 102, FUT contracts found: 0
2025-11-19 04:41:37 | DEBUG    | Total BANKNIFTY instruments found: 102
2025-11-19 04:41:37 | ERROR    | No active BankNifty futures contracts found. Current date: 2025-11-19, Total BANKNIFTY instruments: 102, FUT contracts found: 0
2025-11-19 04:41:43 | DEBUG    | Total BANKNIFTY instruments found: 102
2025-11-19 04:41:43 | ERROR    | No active BankNifty futures contracts found. Current date: 2025-11-19, Total BANKNIFTY instruments: 102, FUT contracts found: 0
2025-11-19 04:41:50 | DEBUG    | Total BANKNIFTY instruments found: 102
2025-11-19 04:41:50 | ERROR    | No active BankNifty futures contracts found. Current date: 2025-11-19, Total BANKNIFTY instruments: 102, FUT contracts found: 0
2025-11-19 04:41:56 | DEBUG    | Total BANKNIFTY instruments found: 102
2025-11-19 04:41:56 | ERROR    | No active BankNifty futures contracts found. Current date: 2025-11-19, Total BANKNIFTY instruments: 102, FUT contracts found: 0
2025-11-19 04:42:08 | DEBUG    | Total BANKNIFTY instruments found: 102
2025-11-19 04:42:08 | ERROR    | No active BankNifty futures contracts found. Current date: 2025-11-19, Total BANKNIFTY instruments: 102, FUT contracts found: 0
2025-11-19 04:42:14 | DEBUG    | Total BANKNIFTY instruments found: 102
2025-11-19 04:42:14 | ERROR    | No active BankNifty futures contracts found. Current date: 2025-11-19, Total BANKNIFTY instruments: 102, FUT contracts found: 0
2025-11-19 04:42:26 | DEBUG    | Total BANKNIFTY instruments found: 102
2025-11-19 04:42:26 | ERROR    | No active BankNifty futures contracts found. Current date: 2025-11-19, Total BANKNIFTY instruments: 102, FUT contracts found: 0
2025-11-19 04:43:27 | DEBUG    | Total BANKNIFTY instruments found: 102
2025-11-19 04:43:27 | ERROR    | No active BankNifty futures contracts found. Current date: 2025-11-19, Total BANKNIFTY instruments: 102, FUT contracts found: 0
2025-11-19 04:43:27 | DEBUG    | Total BANKNIFTY instruments found: 102
2025-11-19 04:43:27 | ERROR    | No active BankNifty futures contracts found. Current date: 2025-11-19, Total BANKNIFTY instruments: 102, FUT contracts found: 0
2025-11-19 04:43:27 | DEBUG    | Total BANKNIFTY instruments found: 102
2025-11-19 04:43:27 | ERROR    | No active BankNifty futures contracts found. Current date: 2025-11-19, Total BANKNIFTY instruments: 102, FUT contracts found: 0
2025-11-19 04:43:33 | DEBUG    | Total BANKNIFTY instruments found: 102
2025-11-19 04:43:33 | ERROR    | No active BankNifty futures contracts found. Current date: 2025-11-19, Total BANKNIFTY instruments: 102, FUT contracts found: 0
2025-11-19 04:43:40 | DEBUG    | Total BANKNIFTY instruments found: 102
2025-11-19 04:43:40 | ERROR    | No active BankNifty futures contracts found. Current date: 2025-11-19, Total BANKNIFTY instruments: 102, FUT contracts found: 0
2025-11-19 04:43:46 | DEBUG    | Total BANKNIFTY instruments found: 102
2025-11-19 04:43:46 | ERROR    | No active BankNifty futures contracts found. Current date: 2025-11-19, Total BANKNIFTY instruments: 102, FUT contracts found: 0
2025-11-19 04:43:52 | DEBUG    | Total BANKNIFTY instruments found: 102
2025-11-19 04:43:52 | ERROR    | No active BankNifty futures contracts found. Current date: 2025-11-19, Total BANKNIFTY instruments: 102, FUT contracts found: 0
2025-11-19 04:44:04 | DEBUG    | Total BANKNIFTY instruments found: 102
2025-11-19 04:44:04 | ERROR    | No active BankNifty futures contracts found. Current date: 2025-11-19, Total BANKNIFTY instruments: 102, FUT contracts found: 0
2025-11-19 04:44:10 | DEBUG    | Total BANKNIFTY instruments found: 102
2025-11-19 04:44:10 | ERROR    | No active BankNifty futures contracts found. Current date: 2025-11-19, Total BANKNIFTY instruments: 102, FUT contracts found: 0
2025-11-19 04:44:23 | DEBUG    | Total BANKNIFTY instruments found: 102
2025-11-19 04:44:23 | ERROR    | No active BankNifty futures contracts found. Current date: 2025-11-19, Total BANKNIFTY instruments: 102, FUT contracts found: 0
2025-11-19 09:14:34 | DEBUG    | Total BANKNIFTY instruments found: 102
2025-11-19 09:14:34 | ERROR    | No active BankNifty futures contracts found. Current date: 2025-11-19, Total BANKNIFTY instruments: 102, FUT contracts found: 0
2025-11-19 09:14:40 | DEBUG    | Total BANKNIFTY instruments found: 102
2025-11-19 09:14:40 | ERROR    | No active BankNifty futures contracts found. Current date: 2025-11-19, Total BANKNIFTY instruments: 102, FUT contracts found: 0
2025-11-19 09:14:57 | DEBUG    | Total BANKNIFTY instruments found: 102
2025-11-19 09:14:57 | ERROR    | No active BankNifty futures contracts found. Current date: 2025-11-19, Total BANKNIFTY instruments: 102, FUT contracts found: 0
2025-11-19 09:15:04 | DEBUG    | Total BANKNIFTY instruments found: 102
2025-11-19 09:15:04 | ERROR    | No active BankNifty futures contracts found. Current date: 2025-11-19, Total BANKNIFTY instruments: 102, FUT contracts found: 0
2025-11-19 09:18:50 | DEBUG    | Total BANKNIFTY instruments found: 102
2025-11-19 09:18:50 | ERROR    | No active BankNifty futures contracts found. Current date: 2025-11-19, Total BANKNIFTY instruments: 102, FUT contracts found: 0
2025-11-19 09:19:44 | DEBUG    | Total BANKNIFTY instruments found: 102
2025-11-19 09:19:44 | ERROR    | No active BankNifty futures contracts found. Current date: 2025-11-19, Total BANKNIFTY instruments: 102, FUT contracts found: 0
2025-11-19 09:20:05 | DEBUG    | Total BANKNIFTY instruments found: 102
2025-11-19 09:20:05 | ERROR    | No active BankNifty futures contracts found. Current date: 2025-11-19, Total BANKNIFTY instruments: 102, FUT contracts found: 0
2025-11-19 09:33:42 | DEBUG    | Total BANKNIFTY instruments found: 102
2025-11-19 09:33:42 | ERROR    | No active BankNifty futures contracts found. Current date: 2025-11-19, Total BANKNIFTY instruments: 102, FUT contracts found: 0
2025-11-19 09:33:42 | DEBUG    | Total BANKNIFTY instruments found: 102
2025-11-19 09:33:42 | ERROR    | No active BankNifty futures contracts found. Current date: 2025-11-19, Total BANKNIFTY instruments: 102, FUT contracts found: 0
2025-11-19 09:33:42 | DEBUG    | Total BANKNIFTY instruments found: 102
2025-11-19 09:33:42 | ERROR    | No active BankNifty futures contracts found. Current date: 2025-11-19, Total BANKNIFTY instruments: 102, FUT contracts found: 0
2025-11-19 09:33:42 | DEBUG    | Total BANKNIFTY instruments found: 102
2025-11-19 09:33:42 | ERROR    | No active BankNifty futures contracts found. Current date: 2025-11-19, Total BANKNIFTY instruments: 102, FUT contracts found: 0
2025-11-19 09:33:42 | DEBUG    | Total BANKNIFTY instruments found: 102
2025-11-19 09:33:42 | ERROR    | No active BankNifty futures contracts found. Current date: 2025-11-19, Total BANKNIFTY instruments: 102, FUT contracts found: 0
2025-11-19 09:40:46 | DEBUG    | Total BANKNIFTY instruments found: 102
2025-11-19 09:40:46 | ERROR    | No active BankNifty futures contracts found. Current date: 2025-11-19, Total BANKNIFTY instruments: 102, FUT contracts found: 0
2025-11-19 09:40:46 | DEBUG    | Total BANKNIFTY instruments found: 102
2025-11-19 09:40:46 | ERROR    | No active BankNifty futures contracts found. Current date: 2025-11-19, Total BANKNIFTY instruments: 102, FUT contracts found: 0
2025-11-19 09:40:52 | DEBUG    | Total BANKNIFTY instruments found: 102
2025-11-19 09:40:52 | ERROR    | No active BankNifty futures contracts found. Current date: 2025-11-19, Total BANKNIFTY instruments: 102, FUT contracts found: 0
2025-11-19 09:40:52 | DEBUG    | Total BANKNIFTY instruments found: 102
2025-11-19 09:40:52 | ERROR    | No active BankNifty futures contracts found. Current date: 2025-11-19, Total BANKNIFTY instruments: 102, FUT contracts found: 0
2025-11-19 09:41:11 | DEBUG    | Total BANKNIFTY instruments found: 102
2025-11-19 09:41:11 | ERROR    | No active BankNifty futures contracts found. Current date: 2025-11-19, Total BANKNIFTY instruments: 102, FUT contracts found: 0
2025-11-19 09:41:11 | DEBUG    | Total BANKNIFTY instruments found: 102
2025-11-19 09:41:11 | ERROR    | No active BankNifty futures contracts found. Current date: 2025-11-19, Total BANKNIFTY instruments: 102, FUT contracts found: 0
2025-11-19 09:41:11 | DEBUG    | Total BANKNIFTY instruments found: 102
2025-11-19 09:41:11 | ERROR    | No active BankNifty futures contracts found. Current date: 2025-11-19, Total BANKNIFTY instruments: 102, FUT contracts found: 0
2025-11-19 09:41:17 | DEBUG    | Total BANKNIFTY instruments found: 102
2025-11-19 09:41:17 | ERROR    | No active BankNifty futures contracts found. Current date: 2025-11-19, Total BANKNIFTY instruments: 102, FUT contracts found: 0
2025-11-19 09:45:11 | DEBUG    | Total BANKNIFTY instruments found: 102
2025-11-19 09:45:11 | ERROR    | No active BankNifty futures contracts found. Current date: 2025-11-19, Total BANKNIFTY instruments: 102, FUT contracts found: 0
2025-11-19 09:45:11 | DEBUG    | Total BANKNIFTY instruments found: 102
2025-11-19 09:45:11 | ERROR    | No active BankNifty futures contracts found. Current date: 2025-11-19, Total BANKNIFTY instruments: 102, FUT contracts found: 0
2025-11-19 09:45:17 | DEBUG    | Total BANKNIFTY instruments found: 102
2025-11-19 09:45:17 | ERROR    | No active BankNifty futures contracts found. Current date: 2025-11-19, Total BANKNIFTY instruments: 102, FUT contracts found: 0
2025-11-19 09:45:17 | DEBUG    | Total BANKNIFTY instruments found: 102
2025-11-19 09:45:17 | ERROR    | No active BankNifty futures contracts found. Current date: 2025-11-19, Total BANKNIFTY instruments: 102, FUT contracts found: 0
2025-11-19 09:45:36 | DEBUG    | Total BANKNIFTY instruments found: 102
2025-11-19 09:45:36 | ERROR    | No active BankNifty futures contracts found. Current date: 2025-11-19, Total BANKNIFTY instruments: 102, FUT contracts found: 0
2025-11-19 09:45:36 | DEBUG    | Total BANKNIFTY instruments found: 102
2025-11-19 09:45:36 | ERROR    | No active BankNifty futures contracts found. Current date: 2025-11-19, Total BANKNIFTY instruments: 102, FUT contracts found: 0
2025-11-19 09:45:36 | DEBUG    | Total BANKNIFTY instruments found: 102
2025-11-19 09:45:36 | ERROR    | No active BankNifty futures contracts found. Current date: 2025-11-19, Total BANKNIFTY instruments: 102, FUT contracts found: 0
2025-11-19 09:45:42 | DEBUG    | Total BANKNIFTY instruments found: 102
2025-11-19 09:45:42 | ERROR    | No active BankNifty futures contracts found. Current date: 2025-11-19, Total BANKNIFTY instruments: 102, FUT contracts found: 0
2025-11-19 10:30:59 | DEBUG    | Total BANKNIFTY instruments found: 984
2025-11-19 10:30:59 | DEBUG    | Found active contract: BANKNIFTY25NOVFUT, expiry: 2025-11-25
2025-11-19 10:30:59 | DEBUG    | Found active contract: BANKNIFTY25DECFUT, expiry: 2025-12-30
2025-11-19 10:30:59 | DEBUG    | Found active contract: BANKNIFTY26JANFUT, expiry: 2026-01-27
2025-11-19 10:30:59 | INFO     | Found nearest futures contract | symbol=BANKNIFTY25NOVFUT | expiry=2025-11-25 | token=9485058
2025-11-19 10:31:28 | DEBUG    | Total BANKNIFTY instruments found: 984
2025-11-19 10:31:28 | DEBUG    | Found active contract: BANKNIFTY25NOVFUT, expiry: 2025-11-25
2025-11-19 10:31:28 | DEBUG    | Found active contract: BANKNIFTY25DECFUT, expiry: 2025-12-30
2025-11-19 10:31:28 | DEBUG    | Found active contract: BANKNIFTY26JANFUT, expiry: 2026-01-27
2025-11-19 10:31:28 | INFO     | Found nearest futures contract | symbol=BANKNIFTY25NOVFUT | expiry=2025-11-25 | token=9485058
2025-11-19 10:31:37 | INFO     | Monthly expiry from option chain: 2025-11-25 (UPCOMING) | expiry_date=2025-11-25 | days_difference=6 | today=2025-11-19
2025-11-19 10:32:06 | DEBUG    | Total BANKNIFTY instruments found: 984
2025-11-19 10:32:06 | DEBUG    | Found active contract: BANKNIFTY25NOVFUT, expiry: 2025-11-25
2025-11-19 10:32:06 | DEBUG    | Found active contract: BANKNIFTY25DECFUT, expiry: 2025-12-30
2025-11-19 10:32:06 | DEBUG    | Found active contract: BANKNIFTY26JANFUT, expiry: 2026-01-27
2025-11-19 10:32:06 | INFO     | Found nearest futures contract | symbol=BANKNIFTY25NOVFUT | expiry=2025-11-25 | token=9485058
2025-11-19 10:32:12 | INFO     | Monthly expiry from option chain: 2025-11-25 (UPCOMING) | expiry_date=2025-11-25 | days_difference=6 | today=2025-11-19
2025-11-19 10:32:47 | DEBUG    | Total BANKNIFTY instruments found: 984
2025-11-19 10:32:47 | DEBUG    | Found active contract: BANKNIFTY25NOVFUT, expiry: 2025-11-25
2025-11-19 10:32:47 | DEBUG    | Found active contract: BANKNIFTY25DECFUT, expiry: 2025-12-30
2025-11-19 10:32:47 | DEBUG    | Found active contract: BANKNIFTY26JANFUT, expiry: 2026-01-27
2025-11-19 10:32:47 | INFO     | Found nearest futures contract | symbol=BANKNIFTY25NOVFUT | expiry=2025-11-25 | token=9485058
2025-11-19 10:32:58 | INFO     | Monthly expiry from option chain: 2025-11-25 (UPCOMING) | expiry_date=2025-11-25 | days_difference=6 | today=2025-11-19
2025-11-19 10:33:32 | DEBUG    | Total BANKNIFTY instruments found: 984
2025-11-19 10:33:32 | DEBUG    | Found active contract: BANKNIFTY25NOVFUT, expiry: 2025-11-25
2025-11-19 10:33:32 | DEBUG    | Found active contract: BANKNIFTY25DECFUT, expiry: 2025-12-30
2025-11-19 10:33:32 | DEBUG    | Found active contract: BANKNIFTY26JANFUT, expiry: 2026-01-27
2025-11-19 10:33:32 | INFO     | Found nearest futures contract | symbol=BANKNIFTY25NOVFUT | expiry=2025-11-25 | token=9485058
2025-11-19 10:33:41 | INFO     | Monthly expiry from option chain: 2025-11-25 (UPCOMING) | expiry_date=2025-11-25 | days_difference=6 | today=2025-11-19
2025-11-19 10:34:22 | DEBUG    | Total BANKNIFTY instruments found: 984
2025-11-19 10:34:22 | DEBUG    | Found active contract: BANKNIFTY25NOVFUT, expiry: 2025-11-25
2025-11-19 10:34:22 | DEBUG    | Found active contract: BANKNIFTY25DECFUT, expiry: 2025-12-30
2025-11-19 10:34:22 | DEBUG    | Found active contract: BANKNIFTY26JANFUT, expiry: 2026-01-27
2025-11-19 10:34:22 | INFO     | Found nearest futures contract | symbol=BANKNIFTY25NOVFUT | expiry=2025-11-25 | token=9485058
2025-11-19 10:34:30 | INFO     | Monthly expiry from option chain: 2025-11-25 (UPCOMING) | expiry_date=2025-11-25 | days_difference=6 | today=2025-11-19
2025-11-19 10:34:33 | DEBUG    | Total BANKNIFTY instruments found: 984
2025-11-19 10:34:33 | DEBUG    | Found active contract: BANKNIFTY25NOVFUT, expiry: 2025-11-25
2025-11-19 10:34:33 | DEBUG    | Found active contract: BANKNIFTY25DECFUT, expiry: 2025-12-30
2025-11-19 10:34:33 | DEBUG    | Found active contract: BANKNIFTY26JANFUT, expiry: 2026-01-27
2025-11-19 10:34:33 | INFO     | Found nearest futures contract | symbol=BANKNIFTY25NOVFUT | expiry=2025-11-25 | token=9485058
2025-11-19 10:34:40 | DEBUG    | Total BANKNIFTY instruments found: 984
2025-11-19 10:34:40 | DEBUG    | Found active contract: BANKNIFTY25NOVFUT, expiry: 2025-11-25
2025-11-19 10:34:40 | DEBUG    | Found active contract: BANKNIFTY25DECFUT, expiry: 2025-12-30
2025-11-19 10:34:40 | DEBUG    | Found active contract: BANKNIFTY26JANFUT, expiry: 2026-01-27
2025-11-19 10:34:40 | INFO     | Found nearest futures contract | symbol=BANKNIFTY25NOVFUT | expiry=2025-11-25 | token=9485058
2025-11-19 10:36:20 | DEBUG    | Total BANKNIFTY instruments found: 984
2025-11-19 10:36:20 | DEBUG    | Found active contract: BANKNIFTY25NOVFUT, expiry: 2025-11-25
2025-11-19 10:36:20 | DEBUG    | Found active contract: BANKNIFTY25DECFUT, expiry: 2025-12-30
2025-11-19 10:36:20 | DEBUG    | Found active contract: BANKNIFTY26JANFUT, expiry: 2026-01-27
2025-11-19 10:36:20 | INFO     | Found nearest futures contract | symbol=BANKNIFTY25NOVFUT | expiry=2025-11-25 | token=9485058
2025-11-19 10:36:30 | INFO     | Monthly expiry from option chain: 2025-11-25 (UPCOMING) | expiry_date=2025-11-25 | days_difference=6 | today=2025-11-19
2025-11-19 10:36:32 | DEBUG    | Total BANKNIFTY instruments found: 984
2025-11-19 10:36:32 | DEBUG    | Found active contract: BANKNIFTY25NOVFUT, expiry: 2025-11-25
2025-11-19 10:36:32 | DEBUG    | Found active contract: BANKNIFTY25DECFUT, expiry: 2025-12-30
2025-11-19 10:36:32 | DEBUG    | Found active contract: BANKNIFTY26JANFUT, expiry: 2026-01-27
2025-11-19 10:36:32 | INFO     | Found nearest futures contract | symbol=BANKNIFTY25NOVFUT | expiry=2025-11-25 | token=9485058
2025-11-19 10:37:30 | DEBUG    | Total BANKNIFTY instruments found: 984
2025-11-19 10:37:30 | DEBUG    | Found active contract: BANKNIFTY25NOVFUT, expiry: 2025-11-25
2025-11-19 10:37:30 | DEBUG    | Found active contract: BANKNIFTY25DECFUT, expiry: 2025-12-30
2025-11-19 10:37:30 | DEBUG    | Found active contract: BANKNIFTY26JANFUT, expiry: 2026-01-27
2025-11-19 10:37:30 | INFO     | Found nearest futures contract | symbol=BANKNIFTY25NOVFUT | expiry=2025-11-25 | token=9485058
2025-11-19 10:49:35 | INFO     | Monthly expiry from option chain: 2025-12-26 (UPCOMING) | expiry_date=2025-12-26 | days_difference=37 | today=2025-11-19
2025-11-19 10:49:35 | INFO     | Monthly expiry from option chain: 2025-12-26 (UPCOMING) | expiry_date=2025-12-26 | days_difference=37 | today=2025-11-19
2025-11-19 10:49:35 | INFO     | Current contract (expiry: 2025-12-26) | symbol=BANKNIFTY25NOVFUT | days_until_expiry=37 | today=2025-11-19
2025-11-19 10:49:35 | INFO     | Monthly expiry from option chain: 2025-11-09 (PASSED) | expiry_date=2025-11-09 | days_difference=-10 | today=2025-11-19
2025-11-19 10:49:35 | INFO     | Rollover: Expiry passed (2025-11-09), switching to next contract | new_symbol=BANKNIFTY25DECFUT | new_expiry=2025-12-25 | today=2025-11-19
2025-11-19 10:49:35 | DEBUG    | Total BANKNIFTY instruments found: 14
2025-11-19 10:49:35 | DEBUG    | Found active contract: BANKNIFTY25NOVFUT, expiry: 2025-11-25
2025-11-19 10:49:35 | DEBUG    | Found active contract: BANKNIFTY25DECFUT, expiry: 2025-12-25
2025-11-19 10:49:35 | INFO     | Found nearest futures contract | symbol=BANKNIFTY25NOVFUT | expiry=2025-11-25 | token=50001
2025-11-19 10:49:35 | DEBUG    | Total BANKNIFTY instruments found: 1
2025-11-19 10:49:35 | ERROR    | No active BankNifty futures contracts found. Current date: 2025-11-19, Total BANKNIFTY instruments: 1, FUT contracts found: 1
2025-11-19 10:49:35 | DEBUG    | Sample FUT contract: BANKNIFTY25NOVFUT, expiry: 2024-11-25, type: <class 'str'>
2025-11-19 10:50:01 | DEBUG    | Total BANKNIFTY instruments found: 102
2025-11-19 10:50:01 | ERROR    | No active BankNifty futures contracts found. Current date: 2025-11-19, Total BANKNIFTY instruments: 102, FUT contracts found: 0
2025-11-19 10:50:01 | DEBUG    | Total BANKNIFTY instruments found: 102
2025-11-19 10:50:01 | ERROR    | No active BankNifty futures contracts found. Current date: 2025-11-19, Total BANKNIFTY instruments: 102, FUT contracts found: 0
2025-11-19 10:50:08 | DEBUG    | Total BANKNIFTY instruments found: 102
2025-11-19 10:50:08 | ERROR    | No active BankNifty futures contracts found. Current date: 2025-11-19, Total BANKNIFTY instruments: 102, FUT contracts found: 0
2025-11-19 10:50:14 | DEBUG    | Total BANKNIFTY instruments found: 102
2025-11-19 10:50:14 | ERROR    | No active BankNifty futures contracts found. Current date: 2025-11-19, Total BANKNIFTY instruments: 102, FUT contracts found: 0
2025-11-19 10:50:20 | DEBUG    | Total BANKNIFTY instruments found: 102
2025-11-19 10:50:20 | ERROR    | No active BankNifty futures contracts found. Current date: 2025-11-19, Total BANKNIFTY instruments: 102, FUT contracts found: 0
2025-11-19 10:50:26 | DEBUG    | Total BANKNIFTY instruments found: 102
2025-11-19 10:50:26 | ERROR    | No active BankNifty futures contracts found. Current date: 2025-11-19, Total BANKNIFTY instruments: 102, FUT contracts found: 0
2025-11-19 10:50:32 | DEBUG    | Total BANKNIFTY instruments found: 102
2025-11-19 10:50:32 | ERROR    | No active BankNifty futures contracts found. Current date: 2025-11-19, Total BANKNIFTY instruments: 102, FUT contracts found: 0
2025-11-19 10:50:38 | DEBUG    | Total BANKNIFTY instruments found: 102
2025-11-19 10:50:38 | ERROR    | No active BankNifty futures contracts found. Current date: 2025-11-19, Total BANKNIFTY instruments: 102, FUT contracts found: 0
2025-11-19 10:50:44 | DEBUG    | Total BANKNIFTY instruments found: 102
2025-11-19 10:50:44 | ERROR    | No active BankNifty futures contracts found. Current date: 2025-11-19, Total BANKNIFTY instruments: 102, FUT contracts found: 0
2025-11-19 10:50:51 | DEBUG    | Total BANKNIFTY instruments found: 102
2025-11-19 10:50:51 | ERROR    | No active BankNifty futures contracts found. Current date: 2025-11-19, Total BANKNIFTY instruments: 102, FUT contracts found: 0
2025-11-19 10:50:51 | DEBUG    | Total BANKNIFTY instruments found: 102
2025-11-19 10:50:51 | ERROR    | No active BankNifty futures contracts found. Current date: 2025-11-19, Total BANKNIFTY instruments: 102, FUT contracts found: 0
2025-11-19 10:50:53 | DEBUG    | Total BANKNIFTY instruments found: 102
2025-11-19 10:50:53 | ERROR    | No active BankNifty futures contracts found. Current date: 2025-11-19, Total BANKNIFTY instruments: 102, FUT contracts found: 0
2025-11-19 10:50:59 | DEBUG    | Total BANKNIFTY instruments found: 102
2025-11-19 10:50:59 | ERROR    | No active BankNifty futures contracts found. Current date: 2025-11-19, Total BANKNIFTY instruments: 102, FUT contracts found: 0
2025-11-19 10:51:05 | DEBUG    | Total BANKNIFTY instruments found: 102
2025-11-19 10:51:05 | ERROR    | No active BankNifty futures contracts found. Current date: 2025-11-19, Total BANKNIFTY instruments: 102, FUT contracts found: 0
2025-11-19 10:51:17 | DEBUG    | Total BANKNIFTY instruments found: 102
2025-11-19 10:51:17 | ERROR    | No active BankNifty futures contracts found. Current date: 2025-11-19, Total BANKNIFTY instruments: 102, FUT contracts found: 0
2025-11-19 10:51:23 | DEBUG    | Total BANKNIFTY instruments found: 102
2025-11-19 10:51:23 | ERROR    | No active BankNifty futures contracts found. Current date: 2025-11-19, Total BANKNIFTY instruments: 102, FUT contracts found: 0
2025-11-19 10:51:30 | DEBUG    | Total BANKNIFTY instruments found: 102
2025-11-19 10:51:30 | ERROR    | No active BankNifty futures contracts found. Current date: 2025-11-19, Total BANKNIFTY instruments: 102, FUT contracts found: 0
2025-11-19 10:51:36 | DEBUG    | Total BANKNIFTY instruments found: 102
2025-11-19 10:51:36 | ERROR    | No active BankNifty futures contracts found. Current date: 2025-11-19, Total BANKNIFTY instruments: 102, FUT contracts found: 0
2025-11-19 10:51:48 | DEBUG    | Total BANKNIFTY instruments found: 102
2025-11-19 10:51:48 | ERROR    | No active BankNifty futures contracts found. Current date: 2025-11-19, Total BANKNIFTY instruments: 102, FUT contracts found: 0
2025-11-19 10:51:48 | DEBUG    | Total BANKNIFTY instruments found: 102
2025-11-19 10:51:48 | ERROR    | No active BankNifty futures contracts found. Current date: 2025-11-19, Total BANKNIFTY instruments: 102, FUT contracts found: 0
2025-11-19 10:51:54 | DEBUG    | Total BANKNIFTY instruments found: 102
2025-11-19 10:51:54 | ERROR    | No active BankNifty futures contracts found. Current date: 2025-11-19, Total BANKNIFTY instruments: 102, FUT contracts found: 0
2025-11-19 10:51:54 | DEBUG    | Total BANKNIFTY instruments found: 102
2025-11-19 10:51:54 | ERROR    | No active BankNifty futures contracts found. Current date: 2025-11-19, Total BANKNIFTY instruments: 102, FUT contracts found: 0
2025-11-19 10:52:03 | DEBUG    | Total BANKNIFTY instruments found: 102
2025-11-19 10:52:03 | ERROR    | No active BankNifty futures contracts found. Current date: 2025-11-19, Total BANKNIFTY instruments: 102, FUT contracts found: 0
2025-11-19 10:52:03 | DEBUG    | Total BANKNIFTY instruments found: 102
2025-11-19 10:52:03 | ERROR    | No active BankNifty futures contracts found. Current date: 2025-11-19, Total BANKNIFTY instruments: 102, FUT contracts found: 0
2025-11-19 10:52:04 | DEBUG    | Total BANKNIFTY instruments found: 102
2025-11-19 10:52:04 | ERROR    | No active BankNifty futures contracts found. Current date: 2025-11-19, Total BANKNIFTY instruments: 102, FUT contracts found: 0
2025-11-19 10:52:06 | DEBUG    | Total BANKNIFTY instruments found: 102
2025-11-19 10:52:06 | ERROR    | No active BankNifty futures contracts found. Current date: 2025-11-19, Total BANKNIFTY instruments: 102, FUT contracts found: 0
2025-11-19 10:52:07 | DEBUG    | Total BANKNIFTY instruments found: 102
2025-11-19 10:52:07 | ERROR    | No active BankNifty futures contracts found. Current date: 2025-11-19, Total BANKNIFTY instruments: 102, FUT contracts found: 0
2025-11-19 10:52:08 | DEBUG    | Total BANKNIFTY instruments found: 102
2025-11-19 10:52:08 | ERROR    | No active BankNifty futures contracts found. Current date: 2025-11-19, Total BANKNIFTY instruments: 102, FUT contracts found: 0
2025-11-19 10:52:09 | DEBUG    | Total BANKNIFTY instruments found: 102
2025-11-19 10:52:09 | ERROR    | No active BankNifty futures contracts found. Current date: 2025-11-19, Total BANKNIFTY instruments: 102, FUT contracts found: 0
2025-11-19 10:52:09 | DEBUG    | Total BANKNIFTY instruments found: 102
2025-11-19 10:52:09 | ERROR    | No active BankNifty futures contracts found. Current date: 2025-11-19, Total BANKNIFTY instruments: 102, FUT contracts found: 0
2025-11-19 10:52:10 | DEBUG    | Total BANKNIFTY instruments found: 102
2025-11-19 10:52:10 | ERROR    | No active BankNifty futures contracts found. Current date: 2025-11-19, Total BANKNIFTY instruments: 102, FUT contracts found: 0
2025-11-19 10:52:11 | DEBUG    | Total BANKNIFTY instruments found: 102
2025-11-19 10:52:11 | ERROR    | No active BankNifty futures contracts found. Current date: 2025-11-19, Total BANKNIFTY instruments: 102, FUT contracts found: 0
2025-11-19 10:52:12 | DEBUG    | Total BANKNIFTY instruments found: 102
2025-11-19 10:52:12 | ERROR    | No active BankNifty futures contracts found. Current date: 2025-11-19, Total BANKNIFTY instruments: 102, FUT contracts found: 0
2025-11-19 10:52:17 | DEBUG    | Total BANKNIFTY instruments found: 102
2025-11-19 10:52:17 | ERROR    | No active BankNifty futures contracts found. Current date: 2025-11-19, Total BANKNIFTY instruments: 102, FUT contracts found: 0
2025-11-19 10:52:17 | DEBUG    | Total BANKNIFTY instruments found: 102
2025-11-19 10:52:17 | ERROR    | No active BankNifty futures contracts found. Current date: 2025-11-19, Total BANKNIFTY instruments: 102, FUT contracts found: 0
2025-11-19 10:52:17 | DEBUG    | Total BANKNIFTY instruments found: 102
2025-11-19 10:52:17 | ERROR    | No active BankNifty futures contracts found. Current date: 2025-11-19, Total BANKNIFTY instruments: 102, FUT contracts found: 0
2025-11-19 10:52:23 | DEBUG    | Total BANKNIFTY instruments found: 102
2025-11-19 10:52:23 | ERROR    | No active BankNifty futures contracts found. Current date: 2025-11-19, Total BANKNIFTY instruments: 102, FUT contracts found: 0
2025-11-19 10:52:29 | DEBUG    | Total BANKNIFTY instruments found: 102
2025-11-19 10:52:29 | ERROR    | No active BankNifty futures contracts found. Current date: 2025-11-19, Total BANKNIFTY instruments: 102, FUT contracts found: 0
2025-11-19 10:52:36 | DEBUG    | Total BANKNIFTY instruments found: 102
2025-11-19 10:52:36 | ERROR    | No active BankNifty futures contracts found. Current date: 2025-11-19, Total BANKNIFTY instruments: 102, FUT contracts found: 0
2025-11-19 10:52:42 | DEBUG    | Total BANKNIFTY instruments found: 102
2025-11-19 10:52:42 | ERROR    | No active BankNifty futures contracts found. Current date: 2025-11-19, Total BANKNIFTY instruments: 102, FUT contracts found: 0
2025-11-19 10:52:54 | DEBUG    | Total BANKNIFTY instruments found: 102
2025-11-19 10:52:54 | ERROR    | No active BankNifty futures contracts found. Current date: 2025-11-19, Total BANKNIFTY instruments: 102, FUT contracts found: 0
2025-11-19 10:53:00 | DEBUG    | Total BANKNIFTY instruments found: 102
2025-11-19 10:53:00 | ERROR    | No active BankNifty futures contracts found. Current date: 2025-11-19, Total BANKNIFTY instruments: 102, FUT contracts found: 0
2025-11-19 10:53:12 | DEBUG    | Total BANKNIFTY instruments found: 102
2025-11-19 10:53:12 | ERROR    | No active BankNifty futures contracts found. Current date: 2025-11-19, Total BANKNIFTY instruments: 102, FUT contracts found: 0
2025-11-19 10:53:22 | DEBUG    | Total BANKNIFTY instruments found: 102
2025-11-19 10:53:22 | ERROR    | No active BankNifty futures contracts found. Current date: 2025-11-19, Total BANKNIFTY instruments: 102, FUT contracts found: 0
2025-11-19 10:53:28 | DEBUG    | Total BANKNIFTY instruments found: 102
2025-11-19 10:53:28 | ERROR    | No active BankNifty futures contracts found. Current date: 2025-11-19, Total BANKNIFTY instruments: 102, FUT contracts found: 0
2025-11-19 10:53:30 | DEBUG    | Total BANKNIFTY instruments found: 102
2025-11-19 10:53:30 | ERROR    | No active BankNifty futures contracts found. Current date: 2025-11-19, Total BANKNIFTY instruments: 102, FUT contracts found: 0
2025-11-19 10:53:33 | DEBUG    | Total BANKNIFTY instruments found: 102
2025-11-19 10:53:33 | ERROR    | No active BankNifty futures contracts found. Current date: 2025-11-19, Total BANKNIFTY instruments: 102, FUT contracts found: 0
2025-11-19 10:53:33 | DEBUG    | Total BANKNIFTY instruments found: 102
2025-11-19 10:53:33 | ERROR    | No active BankNifty futures contracts found. Current date: 2025-11-19, Total BANKNIFTY instruments: 102, FUT contracts found: 0
2025-11-19 10:53:33 | DEBUG    | Total BANKNIFTY instruments found: 102
2025-11-19 10:53:33 | ERROR    | No active BankNifty futures contracts found. Current date: 2025-11-19, Total BANKNIFTY instruments: 102, FUT contracts found: 0
2025-11-19 10:53:33 | DEBUG    | Total BANKNIFTY instruments found: 102
2025-11-19 10:53:33 | ERROR    | No active BankNifty futures contracts found. Current date: 2025-11-19, Total BANKNIFTY instruments: 102, FUT contracts found: 0
2025-11-19 10:53:33 | DEBUG    | Total BANKNIFTY instruments found: 102
2025-11-19 10:53:33 | ERROR    | No active BankNifty futures contracts found. Current date: 2025-11-19, Total BANKNIFTY instruments: 102, FUT contracts found: 0
2025-11-19 10:53:36 | DEBUG    | Total BANKNIFTY instruments found: 102
2025-11-19 10:53:36 | ERROR    | No active BankNifty futures contracts found. Current date: 2025-11-19, Total BANKNIFTY instruments: 102, FUT contracts found: 0
2025-11-19 10:53:36 | DEBUG    | Total BANKNIFTY instruments found: 102
2025-11-19 10:53:36 | ERROR    | No active BankNifty futures contracts found. Current date: 2025-11-19, Total BANKNIFTY instruments: 102, FUT contracts found: 0
2025-11-19 10:53:43 | DEBUG    | Total BANKNIFTY instruments found: 102
2025-11-19 10:53:43 | ERROR    | No active BankNifty futures contracts found. Current date: 2025-11-19, Total BANKNIFTY instruments: 102, FUT contracts found: 0
2025-11-19 10:53:43 | DEBUG    | Total BANKNIFTY instruments found: 102
2025-11-19 10:53:43 | ERROR    | No active BankNifty futures contracts found. Current date: 2025-11-19, Total BANKNIFTY instruments: 102, FUT contracts found: 0
2025-11-19 10:54:01 | DEBUG    | Total BANKNIFTY instruments found: 102
2025-11-19 10:54:01 | ERROR    | No active BankNifty futures contracts found. Current date: 2025-11-19, Total BANKNIFTY instruments: 102, FUT contracts found: 0
2025-11-19 10:54:01 | DEBUG    | Total BANKNIFTY instruments found: 102
2025-11-19 10:54:01 | ERROR    | No active BankNifty futures contracts found. Current date: 2025-11-19, Total BANKNIFTY instruments: 102, FUT contracts found: 0
2025-11-19 10:54:01 | DEBUG    | Total BANKNIFTY instruments found: 102
2025-11-19 10:54:01 | ERROR    | No active BankNifty futures contracts found. Current date: 2025-11-19, Total BANKNIFTY instruments: 102, FUT contracts found: 0
2025-11-19 10:54:07 | DEBUG    | Total BANKNIFTY instruments found: 102
2025-11-19 10:54:07 | ERROR    | No active BankNifty futures contracts found. Current date: 2025-11-19, Total BANKNIFTY instruments: 102, FUT contracts found: 0
2025-11-19 10:54:19 | DEBUG    | Total BANKNIFTY instruments found: 984
2025-11-19 10:54:19 | DEBUG    | Found active contract: BANKNIFTY25NOVFUT, expiry: 2025-11-25
2025-11-19 10:54:19 | DEBUG    | Found active contract: BANKNIFTY25DECFUT, expiry: 2025-12-30
2025-11-19 10:54:19 | DEBUG    | Found active contract: BANKNIFTY26JANFUT, expiry: 2026-01-27
2025-11-19 10:54:19 | INFO     | Found nearest futures contract | symbol=BANKNIFTY25NOVFUT | expiry=2025-11-25 | token=9485058
2025-11-19 10:54:25 | INFO     | Monthly expiry from option chain: 2025-11-25 (UPCOMING) | expiry_date=2025-11-25 | days_difference=6 | today=2025-11-19
2025-11-19 10:54:28 | DEBUG    | Total BANKNIFTY instruments found: 984
2025-11-19 10:54:28 | DEBUG    | Found active contract: BANKNIFTY25NOVFUT, expiry: 2025-11-25
2025-11-19 10:54:28 | DEBUG    | Found active contract: BANKNIFTY25DECFUT, expiry: 2025-12-30
2025-11-19 10:54:28 | DEBUG    | Found active contract: BANKNIFTY26JANFUT, expiry: 2026-01-27
2025-11-19 10:54:28 | INFO     | Found nearest futures contract | symbol=BANKNIFTY25NOVFUT | expiry=2025-11-25 | token=9485058
2025-11-19 10:55:24 | DEBUG    | Total BANKNIFTY instruments found: 984
2025-11-19 10:55:24 | DEBUG    | Found active contract: BANKNIFTY25NOVFUT, expiry: 2025-11-25
2025-11-19 10:55:24 | DEBUG    | Found active contract: BANKNIFTY25DECFUT, expiry: 2025-12-30
2025-11-19 10:55:24 | DEBUG    | Found active contract: BANKNIFTY26JANFUT, expiry: 2026-01-27
2025-11-19 10:55:24 | INFO     | Found nearest futures contract | symbol=BANKNIFTY25NOVFUT | expiry=2025-11-25 | token=9485058
2025-11-19 11:12:56 | DEBUG    | Total BANKNIFTY instruments found: 984
2025-11-19 11:12:56 | DEBUG    | Found active contract: BANKNIFTY25NOVFUT, expiry: 2025-11-25
2025-11-19 11:12:56 | DEBUG    | Found active contract: BANKNIFTY25DECFUT, expiry: 2025-12-30
2025-11-19 11:12:56 | DEBUG    | Found active contract: BANKNIFTY26JANFUT, expiry: 2026-01-27
2025-11-19 11:12:56 | INFO     | Found nearest futures contract | symbol=BANKNIFTY25NOVFUT | expiry=2025-11-25 | token=9485058
2025-11-19 11:13:05 | INFO     | Monthly expiry from option chain: 2025-11-25 (UPCOMING) | expiry_date=2025-11-25 | days_difference=6 | today=2025-11-19
2025-11-19 11:13:22 | DEBUG    | Total BANKNIFTY instruments found: 984
2025-11-19 11:13:22 | DEBUG    | Found active contract: BANKNIFTY25NOVFUT, expiry: 2025-11-25
2025-11-19 11:13:22 | DEBUG    | Found active contract: BANKNIFTY25DECFUT, expiry: 2025-12-30
2025-11-19 11:13:22 | DEBUG    | Found active contract: BANKNIFTY26JANFUT, expiry: 2026-01-27
2025-11-19 11:13:22 | INFO     | Found nearest futures contract | symbol=BANKNIFTY25NOVFUT | expiry=2025-11-25 | token=9485058
2025-11-19 11:13:29 | INFO     | Monthly expiry from option chain: 2025-11-25 (UPCOMING) | expiry_date=2025-11-25 | days_difference=6 | today=2025-11-19
2025-11-19 11:14:11 | DEBUG    | Total BANKNIFTY instruments found: 984
2025-11-19 11:14:11 | DEBUG    | Found active contract: BANKNIFTY25NOVFUT, expiry: 2025-11-25
2025-11-19 11:14:11 | DEBUG    | Found active contract: BANKNIFTY25DECFUT, expiry: 2025-12-30
2025-11-19 11:14:11 | DEBUG    | Found active contract: BANKNIFTY26JANFUT, expiry: 2026-01-27
2025-11-19 11:14:11 | INFO     | Found nearest futures contract | symbol=BANKNIFTY25NOVFUT | expiry=2025-11-25 | token=9485058
2025-11-19 11:14:17 | INFO     | Monthly expiry from option chain: 2025-11-25 (UPCOMING) | expiry_date=2025-11-25 | days_difference=6 | today=2025-11-19
2025-11-19 11:14:20 | DEBUG    | Total BANKNIFTY instruments found: 984
2025-11-19 11:14:20 | DEBUG    | Found active contract: BANKNIFTY25NOVFUT, expiry: 2025-11-25
2025-11-19 11:14:20 | DEBUG    | Found active contract: BANKNIFTY25DECFUT, expiry: 2025-12-30
2025-11-19 11:14:20 | DEBUG    | Found active contract: BANKNIFTY26JANFUT, expiry: 2026-01-27
2025-11-19 11:14:20 | INFO     | Found nearest futures contract | symbol=BANKNIFTY25NOVFUT | expiry=2025-11-25 | token=9485058
2025-11-19 11:15:16 | DEBUG    | Total BANKNIFTY instruments found: 984
2025-11-19 11:15:16 | DEBUG    | Found active contract: BANKNIFTY25NOVFUT, expiry: 2025-11-25
2025-11-19 11:15:16 | DEBUG    | Found active contract: BANKNIFTY25DECFUT, expiry: 2025-12-30
2025-11-19 11:15:16 | DEBUG    | Found active contract: BANKNIFTY26JANFUT, expiry: 2026-01-27
2025-11-19 11:15:16 | INFO     | Found nearest futures contract | symbol=BANKNIFTY25NOVFUT | expiry=2025-11-25 | token=9485058
2025-11-19 11:17:15 | DEBUG    | Total BANKNIFTY instruments found: 984
2025-11-19 11:17:15 | DEBUG    | Found active contract: BANKNIFTY25NOVFUT, expiry: 2025-11-25
2025-11-19 11:17:15 | DEBUG    | Found active contract: BANKNIFTY25DECFUT, expiry: 2025-12-30
2025-11-19 11:17:15 | DEBUG    | Found active contract: BANKNIFTY26JANFUT, expiry: 2026-01-27
2025-11-19 11:17:15 | INFO     | Found nearest futures contract | symbol=BANKNIFTY25NOVFUT | expiry=2025-11-25 | token=9485058
2025-11-19 11:17:21 | INFO     | Monthly expiry from option chain: 2025-11-25 (UPCOMING) | expiry_date=2025-11-25 | days_difference=6 | today=2025-11-19
2025-11-19 11:17:24 | DEBUG    | Total BANKNIFTY instruments found: 984
2025-11-19 11:17:24 | DEBUG    | Found active contract: BANKNIFTY25NOVFUT, expiry: 2025-11-25
2025-11-19 11:17:24 | DEBUG    | Found active contract: BANKNIFTY25DECFUT, expiry: 2025-12-30
2025-11-19 11:17:24 | DEBUG    | Found active contract: BANKNIFTY26JANFUT, expiry: 2026-01-27
2025-11-19 11:17:24 | INFO     | Found nearest futures contract | symbol=BANKNIFTY25NOVFUT | expiry=2025-11-25 | token=9485058
2025-11-19 11:18:20 | DEBUG    | Total BANKNIFTY instruments found: 984
2025-11-19 11:18:20 | DEBUG    | Found active contract: BANKNIFTY25NOVFUT, expiry: 2025-11-25
2025-11-19 11:18:20 | DEBUG    | Found active contract: BANKNIFTY25DECFUT, expiry: 2025-12-30
2025-11-19 11:18:20 | DEBUG    | Found active contract: BANKNIFTY26JANFUT, expiry: 2026-01-27
2025-11-19 11:18:20 | INFO     | Found nearest futures contract | symbol=BANKNIFTY25NOVFUT | expiry=2025-11-25 | token=9485058
2025-11-19 12:27:53 | DEBUG    | Total BANKNIFTY instruments found: 984
2025-11-19 12:27:53 | DEBUG    | Found active contract: BANKNIFTY25NOVFUT, expiry: 2025-11-25
2025-11-19 12:27:53 | DEBUG    | Found active contract: BANKNIFTY25DECFUT, expiry: 2025-12-30
2025-11-19 12:27:53 | DEBUG    | Found active contract: BANKNIFTY26JANFUT, expiry: 2026-01-27
2025-11-19 12:27:53 | INFO     | Found nearest futures contract | symbol=BANKNIFTY25NOVFUT | expiry=2025-11-25 | token=9485058
2025-11-19 12:27:59 | INFO     | Monthly expiry from option chain: 2025-11-25 (UPCOMING) | expiry_date=2025-11-25 | days_difference=6 | today=2025-11-19
2025-11-19 12:28:02 | DEBUG    | Total BANKNIFTY instruments found: 984
2025-11-19 12:28:02 | DEBUG    | Found active contract: BANKNIFTY25NOVFUT, expiry: 2025-11-25
2025-11-19 12:28:02 | DEBUG    | Found active contract: BANKNIFTY25DECFUT, expiry: 2025-12-30
2025-11-19 12:28:02 | DEBUG    | Found active contract: BANKNIFTY26JANFUT, expiry: 2026-01-27
2025-11-19 12:28:02 | INFO     | Found nearest futures contract | symbol=BANKNIFTY25NOVFUT | expiry=2025-11-25 | token=9485058
2025-11-19 12:28:59 | DEBUG    | Total BANKNIFTY instruments found: 984
2025-11-19 12:28:59 | DEBUG    | Found active contract: BANKNIFTY25NOVFUT, expiry: 2025-11-25
2025-11-19 12:28:59 | DEBUG    | Found active contract: BANKNIFTY25DECFUT, expiry: 2025-12-30
2025-11-19 12:28:59 | DEBUG    | Found active contract: BANKNIFTY26JANFUT, expiry: 2026-01-27
2025-11-19 12:28:59 | INFO     | Found nearest futures contract | symbol=BANKNIFTY25NOVFUT | expiry=2025-11-25 | token=9485058
2025-11-19 12:29:32 | DEBUG    | Total BANKNIFTY instruments found: 984
2025-11-19 12:29:32 | DEBUG    | Found active contract: BANKNIFTY25NOVFUT, expiry: 2025-11-25
2025-11-19 12:29:32 | DEBUG    | Found active contract: BANKNIFTY25DECFUT, expiry: 2025-12-30
2025-11-19 12:29:32 | DEBUG    | Found active contract: BANKNIFTY26JANFUT, expiry: 2026-01-27
2025-11-19 12:29:32 | INFO     | Found nearest futures contract | symbol=BANKNIFTY25NOVFUT | expiry=2025-11-25 | token=9485058
2025-11-19 12:29:39 | INFO     | Monthly expiry from option chain: 2025-11-25 (UPCOMING) | expiry_date=2025-11-25 | days_difference=6 | today=2025-11-19
2025-11-19 12:29:42 | DEBUG    | Total BANKNIFTY instruments found: 984
2025-11-19 12:29:42 | DEBUG    | Found active contract: BANKNIFTY25NOVFUT, expiry: 2025-11-25
2025-11-19 12:29:42 | DEBUG    | Found active contract: BANKNIFTY25DECFUT, expiry: 2025-12-30
2025-11-19 12:29:42 | DEBUG    | Found active contract: BANKNIFTY26JANFUT, expiry: 2026-01-27
2025-11-19 12:29:42 | INFO     | Found nearest futures contract | symbol=BANKNIFTY25NOVFUT | expiry=2025-11-25 | token=9485058
2025-11-19 12:30:38 | DEBUG    | Total BANKNIFTY instruments found: 984
2025-11-19 12:30:38 | DEBUG    | Found active contract: BANKNIFTY25NOVFUT, expiry: 2025-11-25
2025-11-19 12:30:38 | DEBUG    | Found active contract: BANKNIFTY25DECFUT, expiry: 2025-12-30
2025-11-19 12:30:38 | DEBUG    | Found active contract: BANKNIFTY26JANFUT, expiry: 2026-01-27
2025-11-19 12:30:38 | INFO     | Found nearest futures contract | symbol=BANKNIFTY25NOVFUT | expiry=2025-11-25 | token=9485058
2025-11-19 12:32:19 | DEBUG    | Total BANKNIFTY instruments found: 984
2025-11-19 12:32:19 | DEBUG    | Found active contract: BANKNIFTY25NOVFUT, expiry: 2025-11-25
2025-11-19 12:32:19 | DEBUG    | Found active contract: BANKNIFTY25DECFUT, expiry: 2025-12-30
2025-11-19 12:32:19 | DEBUG    | Found active contract: BANKNIFTY26JANFUT, expiry: 2026-01-27
2025-11-19 12:32:19 | INFO     | Found nearest futures contract | symbol=BANKNIFTY25NOVFUT | expiry=2025-11-25 | token=9485058
2025-11-19 12:32:25 | INFO     | Monthly expiry from option chain: 2025-11-25 (UPCOMING) | expiry_date=2025-11-25 | days_difference=6 | today=2025-11-19
2025-11-19 12:32:28 | DEBUG    | Total BANKNIFTY instruments found: 984
2025-11-19 12:32:28 | DEBUG    | Found active contract: BANKNIFTY25NOVFUT, expiry: 2025-11-25
2025-11-19 12:32:28 | DEBUG    | Found active contract: BANKNIFTY25DECFUT, expiry: 2025-12-30
2025-11-19 12:32:28 | DEBUG    | Found active contract: BANKNIFTY26JANFUT, expiry: 2026-01-27
2025-11-19 12:32:28 | INFO     | Found nearest futures contract | symbol=BANKNIFTY25NOVFUT | expiry=2025-11-25 | token=9485058
2025-11-19 12:33:25 | DEBUG    | Total BANKNIFTY instruments found: 984
2025-11-19 12:33:25 | DEBUG    | Found active contract: BANKNIFTY25NOVFUT, expiry: 2025-11-25
2025-11-19 12:33:25 | DEBUG    | Found active contract: BANKNIFTY25DECFUT, expiry: 2025-12-30
2025-11-19 12:33:25 | DEBUG    | Found active contract: BANKNIFTY26JANFUT, expiry: 2026-01-27
2025-11-19 12:33:26 | INFO     | Found nearest futures contract | symbol=BANKNIFTY25NOVFUT | expiry=2025-11-25 | token=9485058
2025-11-19 12:34:37 | DEBUG    | Total BANKNIFTY instruments found: 984
2025-11-19 12:34:37 | DEBUG    | Found active contract: BANKNIFTY25NOVFUT, expiry: 2025-11-25
2025-11-19 12:34:37 | DEBUG    | Found active contract: BANKNIFTY25DECFUT, expiry: 2025-12-30
2025-11-19 12:34:37 | DEBUG    | Found active contract: BANKNIFTY26JANFUT, expiry: 2026-01-27
2025-11-19 12:34:37 | INFO     | Found nearest futures contract | symbol=BANKNIFTY25NOVFUT | expiry=2025-11-25 | token=9485058
2025-11-19 12:34:43 | INFO     | Monthly expiry from option chain: 2025-11-25 (UPCOMING) | expiry_date=2025-11-25 | days_difference=6 | today=2025-11-19
2025-11-19 12:34:46 | DEBUG    | Total BANKNIFTY instruments found: 984
2025-11-19 12:34:46 | DEBUG    | Found active contract: BANKNIFTY25NOVFUT, expiry: 2025-11-25
2025-11-19 12:34:46 | DEBUG    | Found active contract: BANKNIFTY25DECFUT, expiry: 2025-12-30
2025-11-19 12:34:46 | DEBUG    | Found active contract: BANKNIFTY26JANFUT, expiry: 2026-01-27
2025-11-19 12:34:46 | INFO     | Found nearest futures contract | symbol=BANKNIFTY25NOVFUT | expiry=2025-11-25 | token=9485058
2025-11-19 12:35:44 | DEBUG    | Total BANKNIFTY instruments found: 984
2025-11-19 12:35:44 | DEBUG    | Found active contract: BANKNIFTY25NOVFUT, expiry: 2025-11-25
2025-11-19 12:35:44 | DEBUG    | Found active contract: BANKNIFTY25DECFUT, expiry: 2025-12-30
2025-11-19 12:35:44 | DEBUG    | Found active contract: BANKNIFTY26JANFUT, expiry: 2026-01-27
2025-11-19 12:35:44 | INFO     | Found nearest futures contract | symbol=BANKNIFTY25NOVFUT | expiry=2025-11-25 | token=9485058
2025-11-19 12:37:29 | DEBUG    | Total BANKNIFTY instruments found: 984
2025-11-19 12:37:29 | DEBUG    | Found active contract: BANKNIFTY25NOVFUT, expiry: 2025-11-25
2025-11-19 12:37:29 | DEBUG    | Found active contract: BANKNIFTY25DECFUT, expiry: 2025-12-30
2025-11-19 12:37:29 | DEBUG    | Found active contract: BANKNIFTY26JANFUT, expiry: 2026-01-27
2025-11-19 12:37:29 | INFO     | Found nearest futures contract | symbol=BANKNIFTY25NOVFUT | expiry=2025-11-25 | token=9485058
2025-11-19 12:37:38 | INFO     | Monthly expiry from option chain: 2025-11-25 (UPCOMING) | expiry_date=2025-11-25 | days_difference=6 | today=2025-11-19
2025-11-19 12:37:42 | DEBUG    | Total BANKNIFTY instruments found: 984
2025-11-19 12:37:42 | DEBUG    | Found active contract: BANKNIFTY25NOVFUT, expiry: 2025-11-25
2025-11-19 12:37:42 | DEBUG    | Found active contract: BANKNIFTY25DECFUT, expiry: 2025-12-30
2025-11-19 12:37:42 | DEBUG    | Found active contract: BANKNIFTY26JANFUT, expiry: 2026-01-27
2025-11-19 12:37:42 | INFO     | Found nearest futures contract | symbol=BANKNIFTY25NOVFUT | expiry=2025-11-25 | token=9485058
2025-11-19 12:38:39 | DEBUG    | Total BANKNIFTY instruments found: 984
2025-11-19 12:38:39 | DEBUG    | Found active contract: BANKNIFTY25NOVFUT, expiry: 2025-11-25
2025-11-19 12:38:39 | DEBUG    | Found active contract: BANKNIFTY25DECFUT, expiry: 2025-12-30
2025-11-19 12:38:39 | DEBUG    | Found active contract: BANKNIFTY26JANFUT, expiry: 2026-01-27
2025-11-19 12:38:39 | INFO     | Found nearest futures contract | symbol=BANKNIFTY25NOVFUT | expiry=2025-11-25 | token=9485058
2025-11-19 12:39:56 | DEBUG    | Total BANKNIFTY instruments found: 984
2025-11-19 12:39:56 | DEBUG    | Found active contract: BANKNIFTY25NOVFUT, expiry: 2025-11-25
2025-11-19 12:39:56 | DEBUG    | Found active contract: BANKNIFTY25DECFUT, expiry: 2025-12-30
2025-11-19 12:39:56 | DEBUG    | Found active contract: BANKNIFTY26JANFUT, expiry: 2026-01-27
2025-11-19 12:39:56 | INFO     | Found nearest futures contract | symbol=BANKNIFTY25NOVFUT | expiry=2025-11-25 | token=9485058
2025-11-19 12:40:02 | INFO     | Monthly expiry from option chain: 2025-11-25 (UPCOMING) | expiry_date=2025-11-25 | days_difference=6 | today=2025-11-19
2025-11-19 12:40:06 | DEBUG    | Total BANKNIFTY instruments found: 984
2025-11-19 12:40:06 | DEBUG    | Found active contract: BANKNIFTY25NOVFUT, expiry: 2025-11-25
2025-11-19 12:40:06 | DEBUG    | Found active contract: BANKNIFTY25DECFUT, expiry: 2025-12-30
2025-11-19 12:40:06 | DEBUG    | Found active contract: BANKNIFTY26JANFUT, expiry: 2026-01-27
2025-11-19 12:40:06 | INFO     | Found nearest futures contract | symbol=BANKNIFTY25NOVFUT | expiry=2025-11-25 | token=9485058
2025-11-19 12:41:03 | DEBUG    | Total BANKNIFTY instruments found: 984
2025-11-19 12:41:03 | DEBUG    | Found active contract: BANKNIFTY25NOVFUT, expiry: 2025-11-25
2025-11-19 12:41:03 | DEBUG    | Found active contract: BANKNIFTY25DECFUT, expiry: 2025-12-30
2025-11-19 12:41:03 | DEBUG    | Found active contract: BANKNIFTY26JANFUT, expiry: 2026-01-27
2025-11-19 12:41:03 | INFO     | Found nearest futures contract | symbol=BANKNIFTY25NOVFUT | expiry=2025-11-25 | token=9485058
2025-11-19 12:42:02 | DEBUG    | Total BANKNIFTY instruments found: 984
2025-11-19 12:42:02 | DEBUG    | Found active contract: BANKNIFTY25NOVFUT, expiry: 2025-11-25
2025-11-19 12:42:02 | DEBUG    | Found active contract: BANKNIFTY25DECFUT, expiry: 2025-12-30
2025-11-19 12:42:02 | DEBUG    | Found active contract: BANKNIFTY26JANFUT, expiry: 2026-01-27
2025-11-19 12:42:02 | INFO     | Found nearest futures contract | symbol=BANKNIFTY25NOVFUT | expiry=2025-11-25 | token=9485058
2025-11-19 12:42:09 | INFO     | Monthly expiry from option chain: 2025-11-25 (UPCOMING) | expiry_date=2025-11-25 | days_difference=6 | today=2025-11-19
2025-11-19 12:42:12 | DEBUG    | Total BANKNIFTY instruments found: 984
2025-11-19 12:42:12 | DEBUG    | Found active contract: BANKNIFTY25NOVFUT, expiry: 2025-11-25
2025-11-19 12:42:12 | DEBUG    | Found active contract: BANKNIFTY25DECFUT, expiry: 2025-12-30
2025-11-19 12:42:12 | DEBUG    | Found active contract: BANKNIFTY26JANFUT, expiry: 2026-01-27
2025-11-19 12:42:12 | INFO     | Found nearest futures contract | symbol=BANKNIFTY25NOVFUT | expiry=2025-11-25 | token=9485058
2025-11-19 12:43:10 | DEBUG    | Total BANKNIFTY instruments found: 984
2025-11-19 12:43:10 | DEBUG    | Found active contract: BANKNIFTY25NOVFUT, expiry: 2025-11-25
2025-11-19 12:43:10 | DEBUG    | Found active contract: BANKNIFTY25DECFUT, expiry: 2025-12-30
2025-11-19 12:43:10 | DEBUG    | Found active contract: BANKNIFTY26JANFUT, expiry: 2026-01-27
2025-11-19 12:43:10 | INFO     | Found nearest futures contract | symbol=BANKNIFTY25NOVFUT | expiry=2025-11-25 | token=9485058
2025-11-19 18:55:14 | DEBUG    | Total BANKNIFTY instruments found: 984
2025-11-19 18:55:14 | DEBUG    | Found active contract: BANKNIFTY25NOVFUT, expiry: 2025-11-25
2025-11-19 18:55:14 | DEBUG    | Found active contract: BANKNIFTY25DECFUT, expiry: 2025-12-30
2025-11-19 18:55:14 | DEBUG    | Found active contract: BANKNIFTY26JANFUT, expiry: 2026-01-27
2025-11-19 18:55:14 | INFO     | Found nearest futures contract | symbol=BANKNIFTY25NOVFUT | expiry=2025-11-25 | token=9485058
2025-11-19 18:55:27 | DEBUG    | Total BANKNIFTY instruments found: 984
2025-11-19 18:55:27 | DEBUG    | Found active contract: BANKNIFTY25NOVFUT, expiry: 2025-11-25
2025-11-19 18:55:27 | DEBUG    | Found active contract: BANKNIFTY25DECFUT, expiry: 2025-12-30
2025-11-19 18:55:27 | DEBUG    | Found active contract: BANKNIFTY26JANFUT, expiry: 2026-01-27
2025-11-19 18:55:27 | INFO     | Found nearest futures contract | symbol=BANKNIFTY25NOVFUT | expiry=2025-11-25 | token=9485058
2025-11-19 18:56:03 | DEBUG    | Total BANKNIFTY instruments found: 984
2025-11-19 18:56:03 | DEBUG    | Found active contract: BANKNIFTY25NOVFUT, expiry: 2025-11-25
2025-11-19 18:56:03 | DEBUG    | Found active contract: BANKNIFTY25DECFUT, expiry: 2025-12-30
2025-11-19 18:56:03 | DEBUG    | Found active contract: BANKNIFTY26JANFUT, expiry: 2026-01-27
2025-11-19 18:56:03 | INFO     | Found nearest futures contract | symbol=BANKNIFTY25NOVFUT | expiry=2025-11-25 | token=9485058
2025-11-19 18:56:13 | DEBUG    | Total BANKNIFTY instruments found: 984
2025-11-19 18:56:13 | DEBUG    | Found active contract: BANKNIFTY25NOVFUT, expiry: 2025-11-25
2025-11-19 18:56:13 | DEBUG    | Found active contract: BANKNIFTY25DECFUT, expiry: 2025-12-30
2025-11-19 18:56:13 | DEBUG    | Found active contract: BANKNIFTY26JANFUT, expiry: 2026-01-27
2025-11-19 18:56:13 | INFO     | Found nearest futures contract | symbol=BANKNIFTY25NOVFUT | expiry=2025-11-25 | token=9485058
2025-11-19 19:00:45 | DEBUG    | Total BANKNIFTY instruments found: 984
2025-11-19 19:00:45 | DEBUG    | Found active contract: BANKNIFTY25NOVFUT, expiry: 2025-11-25
2025-11-19 19:00:45 | DEBUG    | Found active contract: BANKNIFTY25DECFUT, expiry: 2025-12-30
2025-11-19 19:00:45 | DEBUG    | Found active contract: BANKNIFTY26JANFUT, expiry: 2026-01-27
2025-11-19 19:00:45 | INFO     | Found nearest futures contract | symbol=BANKNIFTY25NOVFUT | expiry=2025-11-25 | token=9485058
2025-11-19 19:00:55 | DEBUG    | Total BANKNIFTY instruments found: 984
2025-11-19 19:00:55 | DEBUG    | Found active contract: BANKNIFTY25NOVFUT, expiry: 2025-11-25
2025-11-19 19:00:55 | DEBUG    | Found active contract: BANKNIFTY25DECFUT, expiry: 2025-12-30
2025-11-19 19:00:55 | DEBUG    | Found active contract: BANKNIFTY26JANFUT, expiry: 2026-01-27
2025-11-19 19:00:55 | INFO     | Found nearest futures contract | symbol=BANKNIFTY25NOVFUT | expiry=2025-11-25 | token=9485058
2025-11-19 19:01:33 | DEBUG    | Total BANKNIFTY instruments found: 984
2025-11-19 19:01:33 | DEBUG    | Found active contract: BANKNIFTY25NOVFUT, expiry: 2025-11-25
2025-11-19 19:01:33 | DEBUG    | Found active contract: BANKNIFTY25DECFUT, expiry: 2025-12-30
2025-11-19 19:01:33 | DEBUG    | Found active contract: BANKNIFTY26JANFUT, expiry: 2026-01-27
2025-11-19 19:01:33 | INFO     | Found nearest futures contract | symbol=BANKNIFTY25NOVFUT | expiry=2025-11-25 | token=9485058
2025-11-19 19:01:45 | DEBUG    | Total BANKNIFTY instruments found: 984
2025-11-19 19:01:45 | DEBUG    | Found active contract: BANKNIFTY25NOVFUT, expiry: 2025-11-25
2025-11-19 19:01:45 | DEBUG    | Found active contract: BANKNIFTY25DECFUT, expiry: 2025-12-30
2025-11-19 19:01:45 | DEBUG    | Found active contract: BANKNIFTY26JANFUT, expiry: 2026-01-27
2025-11-19 19:01:45 | INFO     | Found nearest futures contract | symbol=BANKNIFTY25NOVFUT | expiry=2025-11-25 | token=9485058
2025-11-19 19:14:17 | DEBUG    | Total BANKNIFTY instruments found: 984
2025-11-19 19:14:17 | DEBUG    | Found active contract: BANKNIFTY25NOVFUT, expiry: 2025-11-25
2025-11-19 19:14:17 | DEBUG    | Found active contract: BANKNIFTY25DECFUT, expiry: 2025-12-30
2025-11-19 19:14:17 | DEBUG    | Found active contract: BANKNIFTY26JANFUT, expiry: 2026-01-27
2025-11-19 19:14:17 | INFO     | Found nearest futures contract | symbol=BANKNIFTY25NOVFUT | expiry=2025-11-25 | token=9485058
2025-11-19 19:14:24 | DEBUG    | Total BANKNIFTY instruments found: 984
2025-11-19 19:14:24 | DEBUG    | Found active contract: BANKNIFTY25NOVFUT, expiry: 2025-11-25
2025-11-19 19:14:24 | DEBUG    | Found active contract: BANKNIFTY25DECFUT, expiry: 2025-12-30
2025-11-19 19:14:24 | DEBUG    | Found active contract: BANKNIFTY26JANFUT, expiry: 2026-01-27
2025-11-19 19:14:24 | INFO     | Found nearest futures contract | symbol=BANKNIFTY25NOVFUT | expiry=2025-11-25 | token=9485058
2025-11-19 19:15:15 | DEBUG    | Total BANKNIFTY instruments found: 984
2025-11-19 19:15:15 | DEBUG    | Found active contract: BANKNIFTY25NOVFUT, expiry: 2025-11-25
2025-11-19 19:15:15 | DEBUG    | Found active contract: BANKNIFTY25DECFUT, expiry: 2025-12-30
2025-11-19 19:15:15 | DEBUG    | Found active contract: BANKNIFTY26JANFUT, expiry: 2026-01-27
2025-11-19 19:15:15 | INFO     | Found nearest futures contract | symbol=BANKNIFTY25NOVFUT | expiry=2025-11-25 | token=9485058
2025-11-19 19:15:21 | DEBUG    | Total BANKNIFTY instruments found: 984
2025-11-19 19:15:21 | DEBUG    | Found active contract: BANKNIFTY25NOVFUT, expiry: 2025-11-25
2025-11-19 19:15:21 | DEBUG    | Found active contract: BANKNIFTY25DECFUT, expiry: 2025-12-30
2025-11-19 19:15:21 | DEBUG    | Found active contract: BANKNIFTY26JANFUT, expiry: 2026-01-27
2025-11-19 19:15:21 | INFO     | Found nearest futures contract | symbol=BANKNIFTY25NOVFUT | expiry=2025-11-25 | token=9485058
2025-11-19 19:15:58 | DEBUG    | Total BANKNIFTY instruments found: 984
2025-11-19 19:15:58 | DEBUG    | Found active contract: BANKNIFTY25NOVFUT, expiry: 2025-11-25
2025-11-19 19:15:58 | DEBUG    | Found active contract: BANKNIFTY25DECFUT, expiry: 2025-12-30
2025-11-19 19:15:58 | DEBUG    | Found active contract: BANKNIFTY26JANFUT, expiry: 2026-01-27
2025-11-19 19:15:58 | INFO     | Found nearest futures contract | symbol=BANKNIFTY25NOVFUT | expiry=2025-11-25 | token=9485058
2025-11-19 19:16:04 | DEBUG    | Total BANKNIFTY instruments found: 984
2025-11-19 19:16:04 | DEBUG    | Found active contract: BANKNIFTY25NOVFUT, expiry: 2025-11-25
2025-11-19 19:16:04 | DEBUG    | Found active contract: BANKNIFTY25DECFUT, expiry: 2025-12-30
2025-11-19 19:16:04 | DEBUG    | Found active contract: BANKNIFTY26JANFUT, expiry: 2026-01-27
2025-11-19 19:16:04 | INFO     | Found nearest futures contract | symbol=BANKNIFTY25NOVFUT | expiry=2025-11-25 | token=9485058
2025-11-19 19:16:50 | DEBUG    | Total BANKNIFTY instruments found: 984
2025-11-19 19:16:50 | DEBUG    | Found active contract: BANKNIFTY25NOVFUT, expiry: 2025-11-25
2025-11-19 19:16:50 | DEBUG    | Found active contract: BANKNIFTY25DECFUT, expiry: 2025-12-30
2025-11-19 19:16:50 | DEBUG    | Found active contract: BANKNIFTY26JANFUT, expiry: 2026-01-27
2025-11-19 19:16:50 | INFO     | Found nearest futures contract | symbol=BANKNIFTY25NOVFUT | expiry=2025-11-25 | token=9485058
2025-11-19 19:16:57 | DEBUG    | Total BANKNIFTY instruments found: 984
2025-11-19 19:16:57 | DEBUG    | Found active contract: BANKNIFTY25NOVFUT, expiry: 2025-11-25
2025-11-19 19:16:57 | DEBUG    | Found active contract: BANKNIFTY25DECFUT, expiry: 2025-12-30
2025-11-19 19:16:57 | DEBUG    | Found active contract: BANKNIFTY26JANFUT, expiry: 2026-01-27
2025-11-19 19:16:57 | INFO     | Found nearest futures contract | symbol=BANKNIFTY25NOVFUT | expiry=2025-11-25 | token=9485058
2025-11-19 19:17:43 | DEBUG    | Total BANKNIFTY instruments found: 984
2025-11-19 19:17:43 | DEBUG    | Found active contract: BANKNIFTY25NOVFUT, expiry: 2025-11-25
2025-11-19 19:17:43 | DEBUG    | Found active contract: BANKNIFTY25DECFUT, expiry: 2025-12-30
2025-11-19 19:17:43 | DEBUG    | Found active contract: BANKNIFTY26JANFUT, expiry: 2026-01-27
2025-11-19 19:17:43 | INFO     | Found nearest futures contract | symbol=BANKNIFTY25NOVFUT | expiry=2025-11-25 | token=9485058
2025-11-19 19:17:49 | DEBUG    | Total BANKNIFTY instruments found: 984
2025-11-19 19:17:49 | DEBUG    | Found active contract: BANKNIFTY25NOVFUT, expiry: 2025-11-25
2025-11-19 19:17:49 | DEBUG    | Found active contract: BANKNIFTY25DECFUT, expiry: 2025-12-30
2025-11-19 19:17:49 | DEBUG    | Found active contract: BANKNIFTY26JANFUT, expiry: 2026-01-27
2025-11-19 19:17:49 | INFO     | Found nearest futures contract | symbol=BANKNIFTY25NOVFUT | expiry=2025-11-25 | token=9485058
2025-11-19 19:20:27 | DEBUG    | Total BANKNIFTY instruments found: 984
2025-11-19 19:20:27 | DEBUG    | Found active contract: BANKNIFTY25NOVFUT, expiry: 2025-11-25
2025-11-19 19:20:27 | DEBUG    | Found active contract: BANKNIFTY25DECFUT, expiry: 2025-12-30
2025-11-19 19:20:27 | DEBUG    | Found active contract: BANKNIFTY26JANFUT, expiry: 2026-01-27
2025-11-19 19:20:27 | INFO     | Found nearest futures contract | symbol=BANKNIFTY25NOVFUT | expiry=2025-11-25 | token=9485058
2025-11-19 19:20:35 | DEBUG    | Total BANKNIFTY instruments found: 984
2025-11-19 19:20:35 | DEBUG    | Found active contract: BANKNIFTY25NOVFUT, expiry: 2025-11-25
2025-11-19 19:20:35 | DEBUG    | Found active contract: BANKNIFTY25DECFUT, expiry: 2025-12-30
2025-11-19 19:20:35 | DEBUG    | Found active contract: BANKNIFTY26JANFUT, expiry: 2026-01-27
2025-11-19 19:20:35 | INFO     | Found nearest futures contract | symbol=BANKNIFTY25NOVFUT | expiry=2025-11-25 | token=9485058
